// Jest Snapshot v1, https://goo.gl/fbAQLP

exports[`renders demo correctly 1`] = `
<div class="demo-wrap">
  <div class="press-notice-bar-index">
    <div class=" press-notice-bar press-notice-bar--withicon">
      <div class="press-notice-bar__wrap">
        <div class="press-notice-bar__content press-ellipsis" style="transform: translateX(0px); transition: -webkit-transform 0ms linear 1ms, transform 0ms linear 1ms; transform-origin: 50% 50% 0px;">
          Sticky 组件暂不支持 App
          <!---->
        </div>
      </div>
      <div class=" press-notice-bar__right-icon press-icon-plus press-icon-plus-cross press-notice-bar__right-icon">
        <!---->
        <!---->
      </div>
    </div>
  </div>
  <div>
    <div>
      <div class="press-sticky" style="z-index: 99;">
        <div class="press-sticky-wrap" style="z-index: 99;">
          <div class="btn1">

          </div>
        </div>
      </div>
    </div>
  </div>
  <div>
    <div>
      <div class="press-sticky" style="z-index: 99;">
        <div class="press-sticky-wrap" style="z-index: 99;">
          <div class="btn2">
            吸顶距离
          </div>
        </div>
      </div>
    </div>
  </div>
  <div>
    <div id="container" style="height: 150px; background: rgb(238, 238, 238);">
      <div>
        <div class="press-sticky" style="z-index: 99;">
          <div class="press-sticky-wrap" style="z-index: 99;">
            <div class="btn3">
              指定容器
            </div>
          </div>
        </div>
      </div>
    </div>
  </div> <button id="" hover-class="press-button--active," lang="" form-type="" open-type="" business-id="" session-from="" send-message-title="" send-message-path="" send-message-img="" show-message-card="" app-parameter="" aria-label="" class=" press-button press-button--normal press-button--e-sport-primary " style="position: relative; margin: 10px; padding: 0px;"><button id="" hover-class="press-button--active," lang="" form-type="" open-type="" business-id="" session-from="" send-message-title="" send-message-path="" send-message-img="" show-message-card="" app-parameter="" aria-label="" class=" press-button press-button--normal press-button--e-sport-primary " style="position: relative; margin: 10px; padding: 0px;">
      <!---->
      <div class="press-button__text">
        隐藏头部
      </div>
    </button></button>
</div>
`;
