// Jest Snapshot v1, https://goo.gl/fbAQLP

exports[`renders demo correctly 1`] = `
<div class="demo-wrap">
  <div class="swiper-wrap">
    <div class="swiper">
      <div>
        <div class="swiper-item swiper-item--big-red">
          A
        </div>
      </div>
      <div>
        <div class="swiper-item swiper-item--big-green">
          B
        </div>
      </div>
      <div>
        <div class="swiper-item swiper-item--big-blue">
          C
        </div>
      </div>
    </div>
  </div>
  <div class="swiper-list">
    <div class="swiper-list-cell swiper-list-cell--pd">
      <div class="uni-list-cell-db">
        指示点
      </div>
      <div class="press-switch press-switch--on " style="font-size: 20px;">
        <div class="press-switch__node">
          <!---->
        </div>
      </div>
    </div>
    <div class="swiper-list-cell swiper-list-cell--pd">
      <div class="uni-list-cell-db">
        自动播放
      </div>
      <div class="press-switch press-switch--on " style="font-size: 20px;">
        <div class="press-switch__node">
          <!---->
        </div>
      </div>
    </div>
  </div>
  <div class="slider-wrap">
    <div class="slider-item"><span>幻灯片切换时长(ms)</span> <span class="info">
        500
      </span></div>
    <div class="press-slider-index">
      <div class=" press-slider">
        <div class="press-slider__bar" style="width: 0%; left: 0%; top: 0px;">
          <!---->
          <!---->
          <div class="press-slider__button-wrapper">
            <div class="press-slider__button"></div>
          </div>
        </div>
      </div>
    </div>
    <div class="slider-item"><span>自动播放间隔时长(ms)</span> <span class="info">
        2000
      </span></div>
    <div class="press-slider-index">
      <div class=" press-slider">
        <div class="press-slider__bar" style="width: 0%; left: 0%; top: 0px;">
          <!---->
          <!---->
          <div class="press-slider__button-wrapper">
            <div class="press-slider__button"></div>
          </div>
        </div>
      </div>
    </div>
  </div>
</div>
`;
