// Jest Snapshot v1, https://goo.gl/fbAQLP

exports[`renders demo correctly 1`] = `
<div class="demo-wrap">
  <div>
    <div hover-class="press-cell--hover," hover-stay-time="70" class=" press-cell press-cell--clickable">
      <div class="press-cell__title">
        <!---->
      </div>
      <div class="press-cell__value"></div>
      <div class=" press-cell__right-icon press-icon-plus press-icon-plus-arrow press-cell__right-icon">
        <!---->
        <!---->
      </div>
    </div>
    <div hover-class="press-cell--hover," hover-stay-time="70" class=" press-cell press-cell--clickable">
      <div class="press-cell__title">
        顶部提示
        <!---->
      </div>
      <div class="press-cell__value"></div>
      <div class=" press-cell__right-icon press-icon-plus press-icon-plus-arrow press-cell__right-icon">
        <!---->
        <!---->
      </div>
    </div>
    <div hover-class="press-cell--hover," hover-stay-time="70" class=" press-cell press-cell--clickable">
      <div class="press-cell__title">
        超长列表
        <!---->
      </div>
      <div class="press-cell__value"></div>
      <div class=" press-cell__right-icon press-icon-plus press-icon-plus-arrow press-cell__right-icon">
        <!---->
        <!---->
      </div>
    </div>
    <div hover-class="press-cell--hover," hover-stay-time="70" class=" press-cell press-cell--clickable">
      <div class="press-cell__title">
        横版
        <!---->
      </div>
      <div class="press-cell__value"></div>
      <div class=" press-cell__right-icon press-icon-plus press-icon-plus-arrow press-cell__right-icon">
        <!---->
        <!---->
      </div>
    </div>
  </div>
  <div>
    <div hover-class="press-cell--hover," hover-stay-time="70" class=" press-cell press-cell--clickable">
      <div class="press-cell__title">
        <!---->
      </div>
      <div class="press-cell__value"></div>
      <div class=" press-cell__right-icon press-icon-plus press-icon-plus-arrow press-cell__right-icon">
        <!---->
        <!---->
      </div>
    </div>
  </div>
  <!---->
  <!---->
</div>
`;
