// Jest Snapshot v1, https://goo.gl/fbAQLP

exports[`renders demo correctly 1`] = `
<div class="demo-wrap">
  <div>
    <div class="demo-part">
      <div class=" press-tag press-tag--primary">

        <!---->
      </div>
    </div>
    <div class="demo-part">
      <div class=" press-tag press-tag--success">

        <!---->
      </div>
    </div>
    <div class="demo-part">
      <div class=" press-tag press-tag--danger">

        <!---->
      </div>
    </div>
    <div class="demo-part">
      <div class=" press-tag press-tag--warning">

        <!---->
      </div>
    </div>
  </div>
  <div>
    <div class="demo-part">
      <div class=" press-tag press-tag--primary press-tag--plain">

        <!---->
      </div>
    </div>
    <div class="demo-part">
      <div class=" press-tag press-tag--success press-tag--plain">

        <!---->
      </div>
    </div>
    <div class="demo-part">
      <div class=" press-tag press-tag--danger press-tag--plain">

        <!---->
      </div>
    </div>
    <div class="demo-part">
      <div class=" press-tag press-tag--warning press-tag--plain">

        <!---->
      </div>
    </div>
  </div>
  <div>
    <div class="demo-part">
      <div class=" press-tag press-tag--primary press-tag--round">

        <!---->
      </div>
    </div>
    <div class="demo-part">
      <div class=" press-tag press-tag--success press-tag--round">

        <!---->
      </div>
    </div>
    <div class="demo-part">
      <div class=" press-tag press-tag--danger press-tag--round">

        <!---->
      </div>
    </div>
    <div class="demo-part">
      <div class=" press-tag press-tag--warning press-tag--round">

        <!---->
      </div>
    </div>
  </div>
  <div>
    <div class="demo-part">
      <div class=" press-tag press-tag--primary press-tag--mark">

        <!---->
      </div>
    </div>
    <div class="demo-part">
      <div class=" press-tag press-tag--success press-tag--mark">

        <!---->
      </div>
    </div>
    <div class="demo-part">
      <div class=" press-tag press-tag--danger press-tag--mark">

        <!---->
      </div>
    </div>
    <div class="demo-part">
      <div class=" press-tag press-tag--warning press-tag--mark">

        <!---->
      </div>
    </div>
  </div>
  <div>
    <div class="demo-part">
      <div class=" press-tag press-tag--default" style="background-color: rgb(242, 130, 106);">

        <!---->
      </div>
    </div>
    <div class="demo-part">
      <div class=" press-tag press-tag--default" style="background-color: rgb(114, 50, 221);">

        <!---->
      </div>
    </div>
    <div class="demo-part">
      <div class=" press-tag press-tag--default press-tag--plain" style="color: rgb(114, 50, 221);">

        <!---->
      </div>
    </div>
    <div class="demo-part">
      <div class=" press-tag press-tag--default" style="background-color: rgb(255, 225, 225); color: rgb(173, 0, 0);">

        <!---->
      </div>
    </div>
  </div>
  <div>
    <div class="demo-part">
      <div class=" press-tag press-tag--danger">

        <!---->
      </div>
    </div>
    <div class="demo-part">
      <div class=" press-tag press-tag--danger press-tag--medium">

        <!---->
      </div>
    </div>
    <div class="demo-part">
      <div class=" press-tag press-tag--danger press-tag--large">

        <!---->
      </div>
    </div>
  </div>
  <div>
    <div class="demo-part">
      <div class=" press-tag press-tag--primary">

        <div class="press-tag__close press-icon-plus press-icon-plus-cross">
          <!---->
          <!---->
        </div>
      </div>
    </div>
    <div class="demo-part">
      <div class=" press-tag press-tag--success">

        <div class="press-tag__close press-icon-plus press-icon-plus-cross">
          <!---->
          <!---->
        </div>
      </div>
    </div>
  </div>
</div>
`;
