// Jest Snapshot v1, https://goo.gl/fbAQLP

exports[`renders demo correctly 1`] = `
<div class="demo-wrap demo-wrap--gray">
  <div>
    <div class=" press-collapse press-hairline--top-bottom">
      <div class=" press-collapse-item ">
        <div hover-class="press-cell--hover,press-cell--hover" hover-stay-time="70" class="press-collapse-item__title press-cell press-cell--center press-cell--borderless press-cell--clickable">
          <div class="press-cell__title">
            1
            <!---->
          </div>
          <div class="press-cell__value"></div>
          <div class=" press-cell__right-icon press-icon-plus press-icon-plus-arrow press-cell__right-icon">
            <!---->
            <!---->
          </div>
        </div>
        <div class="press-collapse-item__wrapper" style="height: 0px;">
          <div class="press-collapse-item__content">
            代码是写出来给人看的，附带能在机器上运行
          </div>
        </div>
      </div>
      <div class=" press-collapse-item press-hairline--top">
        <div hover-class="press-cell--hover,press-cell--hover" hover-stay-time="70" class="press-collapse-item__title press-cell press-cell--center press-cell--borderless press-cell--clickable">
          <div class="press-cell__title">
            2
            <!---->
          </div>
          <div class="press-cell__value"></div>
          <div class=" press-cell__right-icon press-icon-plus press-icon-plus-arrow press-cell__right-icon">
            <!---->
            <!---->
          </div>
        </div>
        <div class="press-collapse-item__wrapper" style="height: 0px;">
          <div class="press-collapse-item__content">
            代码是写出来给人看的，附带能在机器上运行
          </div>
        </div>
      </div>
      <div class=" press-collapse-item press-hairline--top">
        <div hover-class="press-cell--hover,press-cell--hover" hover-stay-time="70" class="press-collapse-item__title press-cell press-cell--center press-cell--borderless press-cell--clickable">
          <div class="press-cell__title">
            3
            <!---->
          </div>
          <div class="press-cell__value"></div>
          <div class=" press-cell__right-icon press-icon-plus press-icon-plus-arrow press-cell__right-icon">
            <!---->
            <!---->
          </div>
        </div>
        <div class="press-collapse-item__wrapper" style="height: 0px;">
          <div class="press-collapse-item__content">
            代码是写出来给人看的，附带能在机器上运行
          </div>
        </div>
      </div>
    </div>
  </div>
  <div>
    <div class=" press-collapse press-hairline--top-bottom">
      <div class=" press-collapse-item ">
        <div hover-class="press-cell--hover,press-cell--hover" hover-stay-time="70" class="press-collapse-item__title press-cell press-cell--center press-cell--borderless press-cell--clickable">
          <div class="press-cell__title">
            A
            <!---->
          </div>
          <div class="press-cell__value"></div>
          <div class=" press-cell__right-icon press-icon-plus press-icon-plus-arrow press-cell__right-icon">
            <!---->
            <!---->
          </div>
        </div>
        <div class="press-collapse-item__wrapper" style="height: 0px;">
          <div class="press-collapse-item__content">
            代码是写出来给人看的，附带能在机器上运行
          </div>
        </div>
      </div>
      <div class=" press-collapse-item press-hairline--top">
        <div hover-class="press-cell--hover,press-cell--hover" hover-stay-time="70" class="press-collapse-item__title press-cell press-cell--center press-cell--borderless press-cell--clickable">
          <div class="press-cell__title">
            B
            <!---->
          </div>
          <div class="press-cell__value"></div>
          <div class=" press-cell__right-icon press-icon-plus press-icon-plus-arrow press-cell__right-icon">
            <!---->
            <!---->
          </div>
        </div>
        <div class="press-collapse-item__wrapper" style="height: 0px;">
          <div class="press-collapse-item__content">
            代码是写出来给人看的，附带能在机器上运行
          </div>
        </div>
      </div>
      <div class=" press-collapse-item press-hairline--top">
        <div hover-class="press-cell--hover,press-cell--hover" hover-stay-time="70" class="press-collapse-item__title press-cell press-cell--center press-cell--borderless press-cell--clickable">
          <div class="press-cell__title">
            C
            <!---->
          </div>
          <div class="press-cell__value"></div>
          <div class=" press-cell__right-icon press-icon-plus press-icon-plus-arrow press-cell__right-icon">
            <!---->
            <!---->
          </div>
        </div>
        <div class="press-collapse-item__wrapper" style="height: 0px;">
          <div class="press-collapse-item__content">
            代码是写出来给人看的，附带能在机器上运行
          </div>
        </div>
      </div>
    </div>
  </div>
  <div>
    <div class=" press-collapse press-hairline--top-bottom">
      <div class=" press-collapse-item ">
        <div hover-class="press-cell--hover,press-cell--hover" hover-stay-time="70" class="press-collapse-item__title press-cell press-cell--center press-cell--borderless press-cell--clickable">
          <div class="press-cell__title">
            X
            <!---->
          </div>
          <div class="press-cell__value"></div>
          <div class=" press-cell__right-icon press-icon-plus press-icon-plus-arrow press-cell__right-icon">
            <!---->
            <!---->
          </div>
        </div>
        <div class="press-collapse-item__wrapper" style="height: 0px;">
          <div class="press-collapse-item__content">
            代码是写出来给人看的，附带能在机器上运行
          </div>
        </div>
      </div>
      <div class=" press-collapse-item press-hairline--top">
        <div hover-class="press-cell--hover,press-cell--hover" hover-stay-time="70" class="press-collapse-item__title press-collapse-item__title--disabled press-cell press-cell--center press-cell--borderless press-cell--clickable">
          <div class="press-cell__title">
            Y
            <!---->
          </div>
          <div class="press-cell__value"></div>
          <div class=" press-cell__right-icon press-icon-plus press-icon-plus-arrow press-cell__right-icon">
            <!---->
            <!---->
          </div>
        </div>
        <div class="press-collapse-item__wrapper" style="height: 0px;">
          <div class="press-collapse-item__content">
            代码是写出来给人看的，附带能在机器上运行
          </div>
        </div>
      </div>
      <div class=" press-collapse-item press-hairline--top">
        <div hover-class="press-cell--hover,press-cell--hover" hover-stay-time="70" class="press-collapse-item__title press-collapse-item__title--disabled press-cell press-cell--center press-cell--borderless press-cell--clickable">
          <div class="press-cell__title">
            Z
            <!---->
          </div>
          <div class="press-cell__value"></div>
          <div class=" press-cell__right-icon press-icon-plus press-icon-plus-arrow press-cell__right-icon">
            <!---->
            <!---->
          </div>
        </div>
        <div class="press-collapse-item__wrapper" style="height: 0px;">
          <div class="press-collapse-item__content">
            代码是写出来给人看的，附带能在机器上运行
          </div>
        </div>
      </div>
    </div>
  </div>
  <div>
    <div class=" press-collapse press-hairline--top-bottom">
      <div class=" press-collapse-item ">
        <div hover-class="press-cell--hover,press-cell--hover" hover-stay-time="70" class="press-collapse-item__title press-cell press-cell--center press-cell--borderless press-cell--clickable">
          <div class="press-cell__title">
            <div>
              1
              <div class=" press-icon-plus press-icon-plus-question-o">
                <!---->
                <!---->
              </div>
            </div>
            <!---->
          </div>
          <div class="press-cell__value"></div>
          <div class=" press-cell__right-icon press-icon-plus press-icon-plus-arrow press-cell__right-icon">
            <!---->
            <!---->
          </div>
        </div>
        <div class="press-collapse-item__wrapper" style="height: 0px;">
          <div class="press-collapse-item__content">
            代码是写出来给人看的，附带能在机器上运行
          </div>
        </div>
      </div>
      <div class=" press-collapse-item press-hairline--top">
        <div hover-class="press-cell--hover,press-cell--hover" hover-stay-time="70" class="press-collapse-item__title press-cell press-cell--center press-cell--borderless press-cell--clickable">
          <div class=" press-cell__left-icon press-icon-plus press-icon-plus-shop-o press-cell__left-icon">
            <!---->
            <!---->
          </div>
          <div class="press-cell__title">
            2
            <!---->
          </div>
          <div class="press-cell__value"></div>
          <div class=" press-cell__right-icon press-icon-plus press-icon-plus-arrow press-cell__right-icon">
            <!---->
            <!---->
          </div>
        </div>
        <div class="press-collapse-item__wrapper" style="height: 0px;">
          <div class="press-collapse-item__content">
            代码是写出来给人看的，附带能在机器上运行
          </div>
        </div>
      </div>
    </div>
  </div>
</div>
`;
