// Jest Snapshot v1, https://goo.gl/fbAQLP

exports[`renders demo correctly 1`] = `
<div class="demo-wrap">
  <div>
    <div class="press-divider-index">
      <div class=" press-divider"></div>
    </div>
  </div>
  <div>
    <div class="press-divider-index">
      <div class=" press-divider press-divider--hairline"></div>
    </div>
  </div>
  <div>
    <div class="press-divider-index">
      <div class=" press-divider press-divider--dashed"></div>
    </div>
  </div>
  <div>
    <div class="press-divider-index">
      <div class=" press-divider press-divider--center">
        文本
      </div>
    </div>
    <div class="press-divider-index">
      <div class=" press-divider press-divider--left">
        文本
      </div>
    </div>
    <div class="press-divider-index">
      <div class=" press-divider press-divider--right">
        文本
      </div>
    </div>
  </div>
  <div>
    <div class="press-divider-index">
      <div class=" press-divider press-divider--center" style="color: rgb(25, 137, 250);">
        文本颜色
      </div>
    </div>
    <div class="press-divider-index">
      <div class=" press-divider press-divider--center" style="border-color: #1989fa;">
        border 颜色
      </div>
    </div>
    <div class="press-divider-index">
      <div class=" press-divider press-divider--center" style="font-size: 18px;">
        字体大小
      </div>
    </div>
  </div>
  <div>
    <div class="press-divider-index">
      <div class=" press-divider press-divider--center" style="color: rgb(25, 137, 250); border-color: #1989fa; font-size: 18px;">
        文本
      </div>
    </div>
  </div>
</div>
`;
