// Jest Snapshot v1, https://goo.gl/fbAQLP

exports[`renders demo correctly 1`] = `
<div class="demo-wrap">
  <div>
    <div class="press-code-input">
      <div class="press-code-input__item" style="width: 35px; height: 35px; border: 1px solid #c9cacc; margin-right: 10px;"><span style="font-size: 18px; font-weight: normal; color: rgb(96, 98, 102);">

    </span>
        <!---->
        <!---->
      </div>
      <div class="press-code-input__item" style="width: 35px; height: 35px; border: 1px solid #c9cacc; margin-right: 10px;"><span style="font-size: 18px; font-weight: normal; color: rgb(96, 98, 102);">

    </span>
        <!---->
        <!---->
      </div>
      <div class="press-code-input__item" style="width: 35px; height: 35px; border: 1px solid #c9cacc; margin-right: 10px;"><span style="font-size: 18px; font-weight: normal; color: rgb(96, 98, 102);">

    </span>
        <!---->
        <!---->
      </div>
      <div class="press-code-input__item" style="width: 35px; height: 35px; border: 1px solid #c9cacc; margin-right: 10px;"><span style="font-size: 18px; font-weight: normal; color: rgb(96, 98, 102);">

    </span>
        <!---->
        <!---->
      </div>
      <div class="press-code-input__item" style="width: 35px; height: 35px; border: 1px solid #c9cacc; margin-right: 10px;"><span style="font-size: 18px; font-weight: normal; color: rgb(96, 98, 102);">

    </span>
        <!---->
        <!---->
      </div>
      <div class="press-code-input__item" style="width: 35px; height: 35px; border: 1px solid #c9cacc; margin-right: 0px;"><span style="font-size: 18px; font-weight: normal; color: rgb(96, 98, 102);">

    </span>
        <!---->
        <!---->
      </div> <input type="number" maxlength="6" adjustposition="true" class="press-code-input__input" style="height: 35px;">
    </div>
  </div>
  <div>
    <div class="press-code-input">
      <div class="press-code-input__item" style="width: 35px; height: 35px; margin-right: 10px;"><span style="font-size: 18px; font-weight: normal; color: rgb(96, 98, 102);">

    </span>
        <div class="press-code-input__item__line" style="height: 4px; width: 35px; background-color: rgb(201, 202, 204);"></div>
        <!---->
      </div>
      <div class="press-code-input__item" style="width: 35px; height: 35px; margin-right: 10px;"><span style="font-size: 18px; font-weight: normal; color: rgb(96, 98, 102);">

    </span>
        <div class="press-code-input__item__line" style="height: 4px; width: 35px; background-color: rgb(201, 202, 204);"></div>
        <!---->
      </div>
      <div class="press-code-input__item" style="width: 35px; height: 35px; margin-right: 10px;"><span style="font-size: 18px; font-weight: normal; color: rgb(96, 98, 102);">

    </span>
        <div class="press-code-input__item__line" style="height: 4px; width: 35px; background-color: rgb(201, 202, 204);"></div>
        <!---->
      </div>
      <div class="press-code-input__item" style="width: 35px; height: 35px; margin-right: 10px;"><span style="font-size: 18px; font-weight: normal; color: rgb(96, 98, 102);">

    </span>
        <div class="press-code-input__item__line" style="height: 4px; width: 35px; background-color: rgb(201, 202, 204);"></div>
        <!---->
      </div>
      <div class="press-code-input__item" style="width: 35px; height: 35px; margin-right: 10px;"><span style="font-size: 18px; font-weight: normal; color: rgb(96, 98, 102);">

    </span>
        <div class="press-code-input__item__line" style="height: 4px; width: 35px; background-color: rgb(201, 202, 204);"></div>
        <!---->
      </div>
      <div class="press-code-input__item" style="width: 35px; height: 35px; margin-right: 0px;"><span style="font-size: 18px; font-weight: normal; color: rgb(96, 98, 102);">

    </span>
        <div class="press-code-input__item__line" style="height: 4px; width: 35px; background-color: rgb(201, 202, 204);"></div>
        <!---->
      </div> <input type="number" maxlength="6" adjustposition="true" class="press-code-input__input" style="height: 35px;">
    </div>
  </div>
  <div>
    <div class="press-code-input">
      <div class="press-code-input__item" style="width: 35px; height: 35px; border: 1px solid #c9cacc; margin-right: 10px;"><span style="font-size: 18px; font-weight: normal; color: rgb(96, 98, 102);">

    </span>
        <!---->
        <!---->
      </div>
      <div class="press-code-input__item" style="width: 35px; height: 35px; border: 1px solid #c9cacc; margin-right: 10px;"><span style="font-size: 18px; font-weight: normal; color: rgb(96, 98, 102);">

    </span>
        <!---->
        <!---->
      </div>
      <div class="press-code-input__item" style="width: 35px; height: 35px; border: 1px solid #c9cacc; margin-right: 10px;"><span style="font-size: 18px; font-weight: normal; color: rgb(96, 98, 102);">

    </span>
        <!---->
        <!---->
      </div>
      <div class="press-code-input__item" style="width: 35px; height: 35px; border: 1px solid #c9cacc; margin-right: 0px;"><span style="font-size: 18px; font-weight: normal; color: rgb(96, 98, 102);">

    </span>
        <!---->
        <!---->
      </div> <input type="number" maxlength="4" adjustposition="true" class="press-code-input__input" style="height: 35px;">
    </div>
  </div>
  <div>
    <div class="press-code-input">
      <div class="press-code-input__item" style="width: 35px; height: 35px; border: 1px solid #c9cacc; border-top-left-radius: 3px; border-bottom-left-radius: 3px; margin-right: 0px;"><span style="font-size: 18px; font-weight: normal; color: rgb(96, 98, 102);">

    </span>
        <!---->
        <!---->
      </div>
      <div class="press-code-input__item" style="width: 35px; height: 35px; border: 1px solid #c9cacc; margin-right: 0px;"><span style="font-size: 18px; font-weight: normal; color: rgb(96, 98, 102);">

    </span>
        <!---->
        <!---->
      </div>
      <div class="press-code-input__item" style="width: 35px; height: 35px; border: 1px solid #c9cacc; margin-right: 0px;"><span style="font-size: 18px; font-weight: normal; color: rgb(96, 98, 102);">

    </span>
        <!---->
        <!---->
      </div>
      <div class="press-code-input__item" style="width: 35px; height: 35px; border: 1px solid #c9cacc; border-top-right-radius: 3px; border-bottom-right-radius: 3px; margin-right: 0px;"><span style="font-size: 18px; font-weight: normal; color: rgb(96, 98, 102);">

    </span>
        <!---->
        <!---->
      </div> <input type="number" maxlength="4" adjustposition="true" class="press-code-input__input" style="height: 35px;">
    </div>
  </div>
  <div>
    <div class="press-code-input">
      <div class="press-code-input__item" style="width: 35px; height: 35px; border: 0.5px solid #c9cacc; margin-right: 10px;"><span style="font-size: 18px; font-weight: normal; color: rgb(96, 98, 102);">

    </span>
        <!---->
        <!---->
      </div>
      <div class="press-code-input__item" style="width: 35px; height: 35px; border: 0.5px solid #c9cacc; margin-right: 10px;"><span style="font-size: 18px; font-weight: normal; color: rgb(96, 98, 102);">

    </span>
        <!---->
        <!---->
      </div>
      <div class="press-code-input__item" style="width: 35px; height: 35px; border: 0.5px solid #c9cacc; margin-right: 10px;"><span style="font-size: 18px; font-weight: normal; color: rgb(96, 98, 102);">

    </span>
        <!---->
        <!---->
      </div>
      <div class="press-code-input__item" style="width: 35px; height: 35px; border: 0.5px solid #c9cacc; margin-right: 0px;"><span style="font-size: 18px; font-weight: normal; color: rgb(96, 98, 102);">

    </span>
        <!---->
        <!---->
      </div> <input type="number" maxlength="4" adjustposition="true" class="press-code-input__input" style="height: 35px;">
    </div>
  </div>
  <div>
    <div class="press-code-input">
      <div class="press-code-input__item" style="width: 35px; height: 35px; border: 1px solid #f56c6c; margin-right: 10px;"><span style="font-size: 18px; font-weight: normal; color: rgb(245, 108, 108);">

    </span>
        <!---->
        <!---->
      </div>
      <div class="press-code-input__item" style="width: 35px; height: 35px; border: 1px solid #f56c6c; margin-right: 10px;"><span style="font-size: 18px; font-weight: normal; color: rgb(245, 108, 108);">

    </span>
        <!---->
        <!---->
      </div>
      <div class="press-code-input__item" style="width: 35px; height: 35px; border: 1px solid #f56c6c; margin-right: 10px;"><span style="font-size: 18px; font-weight: normal; color: rgb(245, 108, 108);">

    </span>
        <!---->
        <!---->
      </div>
      <div class="press-code-input__item" style="width: 35px; height: 35px; border: 1px solid #f56c6c; margin-right: 0px;"><span style="font-size: 18px; font-weight: normal; color: rgb(245, 108, 108);">

    </span>
        <!---->
        <!---->
      </div> <input type="number" maxlength="4" adjustposition="true" class="press-code-input__input" style="height: 35px;">
    </div>
  </div>
  <div>
    <div class="press-code-input">
      <div class="press-code-input__item" style="width: 35px; height: 35px; border: 1px solid #c9cacc; margin-right: 10px;"><span style="font-size: 18px; font-weight: normal; color: rgb(96, 98, 102);">

    </span>
        <!---->
        <!---->
      </div>
      <div class="press-code-input__item" style="width: 35px; height: 35px; border: 1px solid #c9cacc; margin-right: 10px;"><span style="font-size: 18px; font-weight: normal; color: rgb(96, 98, 102);">

    </span>
        <!---->
        <!---->
      </div>
      <div class="press-code-input__item" style="width: 35px; height: 35px; border: 1px solid #c9cacc; margin-right: 10px;"><span style="font-size: 18px; font-weight: normal; color: rgb(96, 98, 102);">

    </span>
        <!---->
        <!---->
      </div>
      <div class="press-code-input__item" style="width: 35px; height: 35px; border: 1px solid #c9cacc; margin-right: 0px;"><span style="font-size: 18px; font-weight: normal; color: rgb(96, 98, 102);">

    </span>
        <!---->
        <!---->
      </div> <input type="number" maxlength="4" adjustposition="true" class="press-code-input__input" style="height: 35px;">
    </div>
  </div>
  <div>
    <div class="press-code-input">
      <div class="press-code-input__item" style="width: 35px; height: 35px; border: 1px solid #c9cacc; margin-right: 10px;"><span style="font-size: 18px; font-weight: normal; color: rgb(96, 98, 102);">

    </span>
        <!---->
        <div class="press-code-input__item__cursor" style="background-color: rgb(96, 98, 102);"></div>
      </div>
      <div class="press-code-input__item" style="width: 35px; height: 35px; border: 1px solid #c9cacc; margin-right: 10px;"><span style="font-size: 18px; font-weight: normal; color: rgb(96, 98, 102);">

    </span>
        <!---->
        <!---->
      </div>
      <div class="press-code-input__item" style="width: 35px; height: 35px; border: 1px solid #c9cacc; margin-right: 10px;"><span style="font-size: 18px; font-weight: normal; color: rgb(96, 98, 102);">

    </span>
        <!---->
        <!---->
      </div>
      <div class="press-code-input__item" style="width: 35px; height: 35px; border: 1px solid #c9cacc; margin-right: 0px;"><span style="font-size: 18px; font-weight: normal; color: rgb(96, 98, 102);">

    </span>
        <!---->
        <!---->
      </div> <input type="number" focus="true" maxlength="4" adjustposition="true" class="press-code-input__input" style="height: 35px;">
    </div>
  </div>
</div>
`;
