// Jest Snapshot v1, https://goo.gl/fbAQLP

exports[`renders demo correctly 1`] = `
<div class="demo-wrap">
  <div><span class="press-count-to"><span class="press-count-to__number" style="font-size: 22px; font-weight: normal;">
    30
  </span></span></div>
  <div><span class="press-count-to"><span class="press-count-to__number" style="font-size: 30px; font-weight: bold;">
    0
  </span></span></div>
  <div><span class="press-count-to"><span class="press-count-to__number" style="font-size: 22px; font-weight: normal;">
    30
  </span></span></div>
  <div><span class="press-count-to"><span class="press-count-to__number" style="font-size: 22px; font-weight: normal;">
    30
  </span></span></div>
  <div><span class="press-count-to"><span class="press-count-to__number" style="font-size: 22px; font-weight: normal;">
    500
  </span></span></div>
  <div><span class="press-count-to"><span class="press-count-to__number" style="font-size: 22px; font-weight: normal;">
    30100
  </span></span></div>
  <div><span class="press-count-to"><span class="press-count-to__number" style="font-size: 22px; font-weight: normal;">
    0
  </span></span></div>
  <div><span class="press-count-to"><span style="color: red;"></span></span></div>
  <div><span class="press-count-to"><span class="press-count-to__number" style="font-size: 22px; font-weight: normal;">
    0
  </span></span></div>
  <div class="press-grid  press-hairline--top" style="padding-left: 0px;">
    <div class=" press-grid-item" style="width: 25%; padding-right: 0px;">
      <div class="press-grid-item__content press-grid-item__content--center press-hairline--surround">
        <div class="press-grid-item__icon">
          <div class=" press-icon-plus press-icon-plus-play-circle-o">
            <!---->
            <!---->
          </div>
        </div>
        <div class="press-grid-item__text"><span>
          开始
        </span></div>
      </div>
    </div>
    <div class=" press-grid-item" style="width: 25%; padding-right: 0px;">
      <div class="press-grid-item__content press-grid-item__content--center press-hairline--surround">
        <div class="press-grid-item__icon">
          <div class=" press-icon-plus press-icon-plus-pause-circle-o">
            <!---->
            <!---->
          </div>
        </div>
        <div class="press-grid-item__text"><span>
          暂停
        </span></div>
      </div>
    </div>
    <div class=" press-grid-item" style="width: 25%; padding-right: 0px;">
      <div class="press-grid-item__content press-grid-item__content--center press-hairline--surround">
        <div class="press-grid-item__icon">
          <div class=" press-icon-plus press-icon-plus-replay">
            <!---->
            <!---->
          </div>
        </div>
        <div class="press-grid-item__text"><span>
          继续
        </span></div>
      </div>
    </div>
  </div>
</div>
`;
