// Jest Snapshot v1, https://goo.gl/fbAQLP

exports[`renders demo correctly 1`] = `
<div class="demo-wrap">
  <div>
    <div data-key="cell" class="press-swipe-cell">
      <div class="press-swipe-cell__content">
        <div data-key="left" class="press-swipe-cell__left">
          <div class="left">
            选择
          </div>
        </div>
        <div class="content">

        </div>
        <div data-key="right" class="press-swipe-cell__right">
          <div class="right">
            删除
          </div>
        </div>
      </div>
    </div>
  </div>
</div>
`;
