// Jest Snapshot v1, https://goo.gl/fbAQLP

exports[`renders demo correctly 1`] = `
<div class="demo-wrap">
  <div>
    <div class="press-checkbox ">
      <!---->
      <div class="press-checkbox__icon-wrap">
        <div class="press-checkbox__icon press-checkbox__icon--round press-checkbox__icon--checked  press-icon-plus press-icon-plus-success press-checkbox__icon press-checkbox__icon--round press-checkbox__icon--checked" style="font-size: 20px; line-height: 1.25em;">
          <!---->
          <!---->
        </div>
      </div>
      <div class=" press-checkbox__label press-checkbox__label--right">
        复选框
      </div>
    </div>
  </div>
  <div>
    <div class="press-checkbox ">
      <!---->
      <div class="press-checkbox__icon-wrap">
        <div class="press-checkbox__icon press-checkbox__icon--round press-checkbox__icon--disabled press-checkbox__icon--checked  press-icon-plus press-icon-plus-success press-checkbox__icon press-checkbox__icon--round press-checkbox__icon--disabled press-checkbox__icon--checked" style="font-size: 20px; line-height: 1.25em;">
          <!---->
          <!---->
        </div>
      </div>
      <div class=" press-checkbox__label press-checkbox__label--right press-checkbox__label--disabled">
        复选框
      </div>
    </div>
  </div>
  <div>
    <div class="press-checkbox ">
      <!---->
      <div class="press-checkbox__icon-wrap">
        <div class="press-checkbox__icon press-checkbox__icon--square press-checkbox__icon--checked  press-icon-plus press-icon-plus-success press-checkbox__icon press-checkbox__icon--square press-checkbox__icon--checked" style="font-size: 20px; line-height: 1.25em;">
          <!---->
          <!---->
        </div>
      </div>
      <div class=" press-checkbox__label press-checkbox__label--right">
        复选框
      </div>
    </div>
  </div>
  <div>
    <div class="press-checkbox ">
      <!---->
      <div class="press-checkbox__icon-wrap">
        <div class="press-checkbox__icon press-checkbox__icon--round press-checkbox__icon--checked  press-icon-plus press-icon-plus-success press-checkbox__icon press-checkbox__icon--round press-checkbox__icon--checked" style="font-size: 20px; line-height: 1.25em; border-color: #07c160; background-color: rgb(7, 193, 96);">
          <!---->
          <!---->
        </div>
      </div>
      <div class=" press-checkbox__label press-checkbox__label--right">
        复选框
      </div>
    </div>
  </div>
  <div>
    <div class="press-checkbox ">
      <!---->
      <div class="press-checkbox__icon-wrap">
        <div class="press-checkbox__icon press-checkbox__icon--round press-checkbox__icon--checked  press-icon-plus press-icon-plus-success press-checkbox__icon press-checkbox__icon--round press-checkbox__icon--checked" style="font-size: 25px; line-height: 1.25em;">
          <!---->
          <!---->
        </div>
      </div>
      <div class=" press-checkbox__label press-checkbox__label--right">
        复选框
      </div>
    </div>
  </div>
  <div>
    <div class="press-checkbox ">
      <!---->
      <div class="press-checkbox__icon-wrap">
        <div class="press-checkbox__icon press-checkbox__icon--round press-checkbox__icon--checked  press-icon-plus press-icon-plus-success press-checkbox__icon press-checkbox__icon--round press-checkbox__icon--checked" style="font-size: 20px; line-height: 1.25em;">
          <!---->
          <!---->
        </div>
      </div>
      <div class=" press-checkbox__label press-checkbox__label--right">
        复选框
      </div>
    </div>
  </div>
  <div>
    <div class="press-checkbox-group-index">
      <div class="press-checkbox-group">
        <div class="press-checkbox " style="margin-bottom: 8px;">
          <!---->
          <div class="press-checkbox__icon-wrap">
            <div class="press-checkbox__icon press-checkbox__icon--round  press-icon-plus press-icon-plus-success press-checkbox__icon press-checkbox__icon--round" style="font-size: 20px; line-height: 1.25em;">
              <!---->
              <!---->
            </div>
          </div>
          <div class=" press-checkbox__label press-checkbox__label--right">
            复选框 a
          </div>
        </div>
        <div class="press-checkbox " style="margin-bottom: 8px;">
          <!---->
          <div class="press-checkbox__icon-wrap">
            <div class="press-checkbox__icon press-checkbox__icon--round  press-icon-plus press-icon-plus-success press-checkbox__icon press-checkbox__icon--round" style="font-size: 20px; line-height: 1.25em;">
              <!---->
              <!---->
            </div>
          </div>
          <div class=" press-checkbox__label press-checkbox__label--right">
            复选框 b
          </div>
        </div>
        <div class="press-checkbox " style="margin-bottom: 8px;">
          <!---->
          <div class="press-checkbox__icon-wrap">
            <div class="press-checkbox__icon press-checkbox__icon--round  press-icon-plus press-icon-plus-success press-checkbox__icon press-checkbox__icon--round" style="font-size: 20px; line-height: 1.25em;">
              <!---->
              <!---->
            </div>
          </div>
          <div class=" press-checkbox__label press-checkbox__label--right">
            复选框 c
          </div>
        </div>
      </div>
    </div>
  </div>
  <div>
    <div class="press-checkbox-group-index">
      <div class="press-checkbox-group">
        <div class="press-checkbox " style="margin-bottom: 8px;">
          <!---->
          <div class="press-checkbox__icon-wrap">
            <div class="press-checkbox__icon press-checkbox__icon--round  press-icon-plus press-icon-plus-success press-checkbox__icon press-checkbox__icon--round" style="font-size: 20px; line-height: 1.25em;">
              <!---->
              <!---->
            </div>
          </div>
          <div class=" press-checkbox__label press-checkbox__label--right">
            复选框 A
          </div>
        </div>
        <div class="press-checkbox " style="margin-bottom: 8px;">
          <!---->
          <div class="press-checkbox__icon-wrap">
            <div class="press-checkbox__icon press-checkbox__icon--round  press-icon-plus press-icon-plus-success press-checkbox__icon press-checkbox__icon--round" style="font-size: 20px; line-height: 1.25em;">
              <!---->
              <!---->
            </div>
          </div>
          <div class=" press-checkbox__label press-checkbox__label--right">
            复选框 B
          </div>
        </div>
        <div class="press-checkbox " style="margin-bottom: 8px;">
          <!---->
          <div class="press-checkbox__icon-wrap">
            <div class="press-checkbox__icon press-checkbox__icon--round  press-icon-plus press-icon-plus-success press-checkbox__icon press-checkbox__icon--round" style="font-size: 20px; line-height: 1.25em;">
              <!---->
              <!---->
            </div>
          </div>
          <div class=" press-checkbox__label press-checkbox__label--right">
            复选框 C
          </div>
        </div>
      </div>
    </div>
  </div>
</div>
`;
