// Jest Snapshot v1, https://goo.gl/fbAQLP

exports[`renders demo correctly 1`] = `
<div class="demo-wrap">
  <div>
    <div class="press-row">
      <div class="press-col press-col--8">
        span: 8
      </div>
      <div class="press-col press-col--8">
        span: 8
      </div>
      <div class="press-col press-col--8">
        span: 8
      </div>
    </div>
    <div class="press-row">
      <div class="press-col press-col--4">
        span: 4
      </div>
      <div class="press-col press-col--10 press-col--offset-4">
        offset: 4, span: 10
      </div>
    </div>
    <div class="press-row">
      <div class="press-col press-col--12 press-col--offset-12">
        offset: 12, span: 12
      </div>
    </div>
  </div>
  <div>
    <div class="press-row" style="margin-right: -10px; margin-left: -10px;">
      <div class="press-col press-col--8">
        span: 8
      </div>
      <div class="press-col press-col--8">
        span: 8
      </div>
      <div class="press-col press-col--8">
        span: 8
      </div>
    </div>
  </div>
</div>
`;
