// Jest Snapshot v1, https://goo.gl/fbAQLP

exports[`renders demo correctly 1`] = `
<div class="demo-wrap">
  <div>
    <div class="press-tree-select" style="height: 300px;">
      <div class="press-tree-select__nav">
        <div class="press-sidebar-index">
          <div class="press-sidebar press-tree-select__nav__inner">
            <div class="press-sidebar-item-index">
              <div hover-class="press-sidebar-item--hover" hover-stay-time="70" class="press-sidebar-item   ">
                <div class="press-sidebar-item__text">
                  <!---->
                  <div>
                    浙江
                  </div>
                </div>
              </div>
            </div>
            <div class="press-sidebar-item-index">
              <div hover-class="press-sidebar-item--hover" hover-stay-time="70" class="press-sidebar-item   ">
                <div class="press-sidebar-item__text">
                  <!---->
                  <div>
                    江苏
                  </div>
                </div>
              </div>
            </div>
            <div class="press-sidebar-item-index">
              <div hover-class="press-sidebar-item--hover" hover-stay-time="70" class="press-sidebar-item press-sidebar-item--disabled   ">
                <div class="press-sidebar-item__text">
                  <!---->
                  <div>
                    福建
                  </div>
                </div>
              </div>
            </div>
          </div>
        </div>
      </div>
      <div class="press-tree-select__content"></div>
    </div>
  </div>
  <div>
    <div class="press-tree-select" style="height: 300px;">
      <div class="press-tree-select__nav">
        <div class="press-sidebar-index">
          <div class="press-sidebar press-tree-select__nav__inner">
            <div class="press-sidebar-item-index">
              <div hover-class="press-sidebar-item--hover" hover-stay-time="70" class="press-sidebar-item   ">
                <div class="press-sidebar-item__text">
                  <!---->
                  <div>
                    浙江
                  </div>
                </div>
              </div>
            </div>
            <div class="press-sidebar-item-index">
              <div hover-class="press-sidebar-item--hover" hover-stay-time="70" class="press-sidebar-item   ">
                <div class="press-sidebar-item__text">
                  <!---->
                  <div>
                    江苏
                  </div>
                </div>
              </div>
            </div>
            <div class="press-sidebar-item-index">
              <div hover-class="press-sidebar-item--hover" hover-stay-time="70" class="press-sidebar-item press-sidebar-item--disabled   ">
                <div class="press-sidebar-item__text">
                  <!---->
                  <div>
                    福建
                  </div>
                </div>
              </div>
            </div>
          </div>
        </div>
      </div>
      <div class="press-tree-select__content"></div>
    </div>
  </div>
  <div>
    <div class="press-tree-select" style="height: 55vw;">
      <div class="press-tree-select__nav">
        <div class="press-sidebar-index">
          <div class="press-sidebar press-tree-select__nav__inner">
            <div class="press-sidebar-item-index">
              <div hover-class="press-sidebar-item--hover" hover-stay-time="70" class="press-sidebar-item   ">
                <div class="press-sidebar-item__text">
                  <!---->
                  <div>
                    分组 1
                  </div>
                </div>
              </div>
            </div>
            <div class="press-sidebar-item-index">
              <div hover-class="press-sidebar-item--hover" hover-stay-time="70" class="press-sidebar-item   ">
                <div class="press-sidebar-item__text">
                  <!---->
                  <div>
                    分组 2
                  </div>
                </div>
              </div>
            </div>
          </div>
        </div>
      </div>
      <div class="press-tree-select__content">
        <div style="width: 100%; height: 100%;">
          <!---->
        </div>
      </div>
    </div>
  </div>
  <div>
    <div class="press-tree-select" style="height: 300px;">
      <div class="press-tree-select__nav">
        <div class="press-sidebar-index">
          <div class="press-sidebar press-tree-select__nav__inner">
            <div class="press-sidebar-item-index">
              <div hover-class="press-sidebar-item--hover" hover-stay-time="70" class="press-sidebar-item   ">
                <div class="press-sidebar-item__text">
                  <div class="press-info press-info press-info--dot ">

                  </div>
                  <div>
                    浙江
                  </div>
                </div>
              </div>
            </div>
            <div class="press-sidebar-item-index">
              <div hover-class="press-sidebar-item--hover" hover-stay-time="70" class="press-sidebar-item   ">
                <div class="press-sidebar-item__text">
                  <div class="press-info press-info ">
                    5
                  </div>
                  <div>
                    江苏
                  </div>
                </div>
              </div>
            </div>
          </div>
        </div>
      </div>
      <div class="press-tree-select__content"></div>
    </div>
  </div>
</div>
`;
