// Jest Snapshot v1, https://goo.gl/fbAQLP

exports[`renders demo correctly 1`] = `
<div class="demo-wrap">
  <div>
    <div class="press-sidebar-index">
      <div class="press-sidebar">
        <div class="press-sidebar-item-index">
          <div hover-class="press-sidebar-item--hover" hover-stay-time="70" class="press-sidebar-item   ">
            <div class="press-sidebar-item__text">
              <!---->
              <div>
                标签名
              </div>
            </div>
          </div>
        </div>
        <div class="press-sidebar-item-index">
          <div hover-class="press-sidebar-item--hover" hover-stay-time="70" class="press-sidebar-item   ">
            <div class="press-sidebar-item__text">
              <!---->
              <div>
                标签名
              </div>
            </div>
          </div>
        </div>
        <div class="press-sidebar-item-index">
          <div hover-class="press-sidebar-item--hover" hover-stay-time="70" class="press-sidebar-item   ">
            <div class="press-sidebar-item__text">
              <!---->
              <div>
                标签名
              </div>
            </div>
          </div>
        </div>
      </div>
    </div>
  </div>
  <div>
    <div class="press-sidebar-index">
      <div class="press-sidebar">
        <div class="press-sidebar-item-index">
          <div hover-class="press-sidebar-item--hover" hover-stay-time="70" class="press-sidebar-item   ">
            <div class="press-sidebar-item__text">
              <div class="press-info press-info press-info--dot ">

              </div>
              <div>
                标签名
              </div>
            </div>
          </div>
        </div>
        <div class="press-sidebar-item-index">
          <div hover-class="press-sidebar-item--hover" hover-stay-time="70" class="press-sidebar-item   ">
            <div class="press-sidebar-item__text">
              <div class="press-info press-info ">
                5
              </div>
              <div>
                标签名
              </div>
            </div>
          </div>
        </div>
        <div class="press-sidebar-item-index">
          <div hover-class="press-sidebar-item--hover" hover-stay-time="70" class="press-sidebar-item   ">
            <div class="press-sidebar-item__text">
              <div class="press-info press-info ">
                99+
              </div>
              <div>
                标签名
              </div>
            </div>
          </div>
        </div>
      </div>
    </div>
  </div>
  <div>
    <div class="press-sidebar-index">
      <div class="press-sidebar">
        <div class="press-sidebar-item-index">
          <div hover-class="press-sidebar-item--hover" hover-stay-time="70" class="press-sidebar-item   ">
            <div class="press-sidebar-item__text">
              <!---->
              <div>
                标签名
              </div>
            </div>
          </div>
        </div>
        <div class="press-sidebar-item-index">
          <div hover-class="press-sidebar-item--hover" hover-stay-time="70" class="press-sidebar-item press-sidebar-item--disabled   ">
            <div class="press-sidebar-item__text">
              <!---->
              <div>
                标签名
              </div>
            </div>
          </div>
        </div>
        <div class="press-sidebar-item-index">
          <div hover-class="press-sidebar-item--hover" hover-stay-time="70" class="press-sidebar-item   ">
            <div class="press-sidebar-item__text">
              <!---->
              <div>
                标签名
              </div>
            </div>
          </div>
        </div>
      </div>
    </div>
  </div>
  <div>
    <div class="press-sidebar-index">
      <div class="press-sidebar">
        <div class="press-sidebar-item-index">
          <div hover-class="press-sidebar-item--hover" hover-stay-time="70" class="press-sidebar-item   ">
            <div class="press-sidebar-item__text">
              <!---->
              <div>
                标签名 1
              </div>
            </div>
          </div>
        </div>
        <div class="press-sidebar-item-index">
          <div hover-class="press-sidebar-item--hover" hover-stay-time="70" class="press-sidebar-item   ">
            <div class="press-sidebar-item__text">
              <!---->
              <div>
                标签名 2
              </div>
            </div>
          </div>
        </div>
        <div class="press-sidebar-item-index">
          <div hover-class="press-sidebar-item--hover" hover-stay-time="70" class="press-sidebar-item   ">
            <div class="press-sidebar-item__text">
              <!---->
              <div>
                标签名 3
              </div>
            </div>
          </div>
        </div>
      </div>
    </div>
  </div>
  <div class="press-toast-index" id="press-toast">
    <!---->
    <!---->
  </div>
</div>
`;
