// Jest Snapshot v1, https://goo.gl/fbAQLP

exports[`renders demo correctly 1`] = `
<div class="demo-wrap">
  <div>
    <div class="press-switch press-switch--on " style="font-size: 30px;">
      <div class="press-switch__node">
        <!---->
      </div>
    </div>
  </div>
  <div>
    <div class="press-switch press-switch--on press-switch--disabled " style="font-size: 30px;">
      <div class="press-switch__node">
        <!---->
      </div>
    </div>
  </div>
  <div>
    <div class="press-switch press-switch--on " style="font-size: 30px;">
      <div class="press-switch__node">
        <div class="press-loading-index">
          <div class="press-switch__loading press-loading">
            <div class="press-loading__spinner press-loading__spinner--circular" style="color: rgb(25, 137, 250);">
              <!---->
            </div>
            <div class="press-loading__text"></div>
          </div>
        </div>
      </div>
    </div>
  </div>
  <div>
    <div class="press-switch press-switch--on " style="font-size: 24px;">
      <div class="press-switch__node">
        <!---->
      </div>
    </div>
  </div>
  <div>
    <div class="press-switch press-switch--on " style="font-size: 30px; background-color: rgb(7, 193, 96);">
      <div class="press-switch__node">
        <!---->
      </div>
    </div>
  </div>
  <div>
    <div class="press-switch press-switch--on " style="font-size: 30px;">
      <div class="press-switch__node">
        <!---->
      </div>
    </div>
  </div>
  <div>
    <div class="press-switch press-switch--on press-switch--e-sport" style="font-size: 30px;">
      <div class="press-switch__node">
        <!---->
      </div>
    </div>
  </div>
  <div>
    <div class="press-cell-group-index">
      <!---->
      <div class=" press-cell-group press-hairline--top-bottom">
        <div hover-class="press-cell--hover," hover-stay-time="70" class=" press-cell press-cell--clickable">
          <div class="press-cell__title">
            标题
            <!---->
          </div>
          <div class="press-cell__value"></div>
          <div class="press-switch press-switch--on " style="font-size: 22px;">
            <div class="press-switch__node">
              <!---->
            </div>
          </div>
        </div>
      </div>
    </div>
  </div>
  <!---->
</div>
`;
