// Jest Snapshot v1, https://goo.gl/fbAQLP

exports[`renders demo correctly 1`] = `
<div class="demo-wrap demo-wrap--gray">
  <div>
    <div class="press-circle-index">
      <div class="press-circle"><canvas id="press-circle" type="" canvas-id="press-circle" class="press-circle__canvas" style="width: 100px; height: 100px;"></canvas> <canvas id="press-circle" type="" canvas-id="press-circle" class="press-circle__canvas" style="width: 100px; height: 100px;"></canvas>
        <cover-view class="press-circle__text">
          20%
        </cover-view>
      </div>
    </div>
  </div>
  <div>
    <div class="demo-part">
      <div class="press-circle-index">
        <div class="press-circle"><canvas id="press-circle" type="" canvas-id="press-circle" class="press-circle__canvas" style="width: 100px; height: 100px;"></canvas> <canvas id="press-circle" type="" canvas-id="press-circle" class="press-circle__canvas" style="width: 100px; height: 100px;"></canvas>
          <cover-view class="press-circle__text">
            宽度定制
          </cover-view>
        </div>
      </div>
    </div>
    <div class="demo-part">
      <div class="press-circle-index">
        <div class="press-circle"><canvas id="press-circle" type="" canvas-id="press-circle" class="press-circle__canvas" style="width: 100px; height: 100px;"></canvas> <canvas id="press-circle" type="" canvas-id="press-circle" class="press-circle__canvas" style="width: 100px; height: 100px;"></canvas>
          <cover-view class="press-circle__text">
            颜色定制
          </cover-view>
        </div>
      </div>
    </div>
    <div class="demo-part">
      <div class="press-circle-index">
        <div class="press-circle"><canvas id="press-circle" type="" canvas-id="press-circle" class="press-circle__canvas" style="width: 100px; height: 100px;"></canvas> <canvas id="press-circle" type="" canvas-id="press-circle" class="press-circle__canvas" style="width: 100px; height: 100px;"></canvas>
          <cover-view class="press-circle__text">
            渐变色
          </cover-view>
        </div>
      </div>
    </div>
    <div class="demo-part">
      <div class="press-circle-index">
        <div class="press-circle"><canvas id="press-circle" type="" canvas-id="press-circle" class="press-circle__canvas" style="width: 100px; height: 100px;"></canvas> <canvas id="press-circle" type="" canvas-id="press-circle" class="press-circle__canvas" style="width: 100px; height: 100px;"></canvas>
          <cover-view class="press-circle__text">
            逆时针
          </cover-view>
        </div>
      </div>
    </div>
    <div class="demo-part">
      <div class="press-circle-index">
        <div class="press-circle"><canvas id="press-circle" type="" canvas-id="press-circle" class="press-circle__canvas" style="width: 120px; height: 120px;"></canvas> <canvas id="press-circle" type="" canvas-id="press-circle" class="press-circle__canvas" style="width: 120px; height: 120px;"></canvas>
          <cover-view class="press-circle__text">
            大小定制
          </cover-view>
        </div>
      </div>
    </div>
    <div><button id="" hover-class="press-button--active," lang="" form-type="" open-type="" business-id="" session-from="" send-message-title="" send-message-path="" send-message-img="" show-message-card="" app-parameter="" aria-label="" class=" press-button press-button--normal press-button--e-sport-primary " style="margin-right: 8px;"><button id="" hover-class="press-button--active," lang="" form-type="" open-type="" business-id="" session-from="" send-message-title="" send-message-path="" send-message-img="" show-message-card="" app-parameter="" aria-label="" class=" press-button press-button--normal press-button--e-sport-primary " style="margin-right: 8px;">
          <!---->
          <div class="press-button__text">

          </div>
        </button></button> <button id="" hover-class="press-button--active," lang="" form-type="" open-type="" business-id="" session-from="" send-message-title="" send-message-path="" send-message-img="" show-message-card="" app-parameter="" aria-label="" class=" press-button press-button--normal press-button--e-sport-primary "><button id="" hover-class="press-button--active," lang="" form-type="" open-type="" business-id="" session-from="" send-message-title="" send-message-path="" send-message-img="" show-message-card="" app-parameter="" aria-label="" class=" press-button press-button--normal press-button--e-sport-primary ">
          <!---->
          <div class="press-button__text">

          </div>
        </button></button></div>
  </div>
</div>
`;
