// Jest Snapshot v1, https://goo.gl/fbAQLP

exports[`renders demo correctly 1`] = `
<div class="demo-wrap">
  <div>
    <div class="press-steps-index">
      <div class=" press-steps press-steps--horizontal">
        <div class="press-step__wrapper">
          <div data-index="0" class="press-step press-step--horizontal press-step--finish press-hairline">
            <div class="press-step__title">
              <div>买家下单</div>
              <div class="press-step__desc">
                描述信息
              </div>
            </div>
            <div class="press-step__circle-container">
              <div class="press-step__circle" style="background-color: rgb(7, 193, 96);"></div>
            </div>
            <div class="press-step__line" style="background-color: rgb(7, 193, 96);"></div>
          </div>
          <div data-index="1" class="press-step press-step--horizontal press-step--process press-hairline">
            <div class="press-step__title" style="color: rgb(7, 193, 96);">
              <div>商家接单</div>
              <div class="press-step__desc">
                描述信息
              </div>
            </div>
            <div class="press-step__circle-container">
              <div class="press-step__icon press-icon-plus press-icon-plus-checked" style="color: rgb(7, 193, 96);">
                <!---->
                <!---->
              </div>
            </div>
            <div class="press-step__line" style="background-color: rgb(150, 151, 153);"></div>
          </div>
          <div data-index="2" class="press-step press-step--horizontal press-step--inactive press-hairline" style="color: rgb(150, 151, 153);">
            <div class="press-step__title">
              <div>买家提货</div>
              <div class="press-step__desc">
                描述信息
              </div>
            </div>
            <div class="press-step__circle-container">
              <div class="press-step__circle" style="background-color: rgb(150, 151, 153);"></div>
            </div>
            <div class="press-step__line" style="background-color: rgb(150, 151, 153);"></div>
          </div>
          <div data-index="3" class="press-step press-step--horizontal press-step--inactive press-hairline" style="color: rgb(150, 151, 153);">
            <div class="press-step__title">
              <div>交易完成</div>
              <div class="press-step__desc">
                描述信息
              </div>
            </div>
            <div class="press-step__circle-container">
              <div class="press-step__circle" style="background-color: rgb(150, 151, 153);"></div>
            </div>
            <!---->
          </div>
        </div>
      </div>
    </div> <button id="" hover-class="press-button--active," lang="" form-type="" open-type="" business-id="" session-from="" send-message-title="" send-message-path="" send-message-img="" show-message-card="" app-parameter="" aria-label="" class=" press-button press-button--normal press-button--e-sport-primary " style="margin: 8px 0px 8px 0px;"><button id="" hover-class="press-button--active," lang="" form-type="" open-type="" business-id="" session-from="" send-message-title="" send-message-path="" send-message-img="" show-message-card="" app-parameter="" aria-label="" class=" press-button press-button--normal press-button--e-sport-primary " style="margin: 8px 0px 8px 0px;">
        <!---->
        <div class="press-button__text">
          下一步
        </div>
      </button></button>
  </div>
  <div>
    <div class="press-steps-index">
      <div class=" press-steps press-steps--horizontal">
        <div class="press-step__wrapper">
          <div data-index="0" class="press-step press-step--horizontal press-step--finish press-hairline">
            <div class="press-step__title">
              <div>买家下单</div>
              <div class="press-step__desc">
                描述信息
              </div>
            </div>
            <div class="press-step__circle-container">
              <div class="press-step__circle" style="background-color: rgb(51, 136, 255);"></div>
            </div>
            <div class="press-step__line" style="background-color: rgb(51, 136, 255);"></div>
          </div>
          <div data-index="1" class="press-step press-step--horizontal press-step--process press-hairline">
            <div class="press-step__title" style="color: rgb(51, 136, 255);">
              <div>商家接单</div>
              <div class="press-step__desc">
                描述信息
              </div>
            </div>
            <div class="press-step__circle-container">
              <div class="press-step__icon press-icon-plus press-icon-plus-success" style="color: rgb(51, 136, 255);">
                <!---->
                <!---->
              </div>
            </div>
            <div class="press-step__line" style="background-color: rgb(150, 151, 153);"></div>
          </div>
          <div data-index="2" class="press-step press-step--horizontal press-step--inactive press-hairline" style="color: rgb(150, 151, 153);">
            <div class="press-step__title">
              <div>买家提货</div>
              <div class="press-step__desc">
                描述信息
              </div>
            </div>
            <div class="press-step__circle-container">
              <div class="press-step__circle" style="background-color: rgb(150, 151, 153);"></div>
            </div>
            <div class="press-step__line" style="background-color: rgb(150, 151, 153);"></div>
          </div>
          <div data-index="3" class="press-step press-step--horizontal press-step--inactive press-hairline" style="color: rgb(150, 151, 153);">
            <div class="press-step__title">
              <div>交易完成</div>
              <div class="press-step__desc">
                描述信息
              </div>
            </div>
            <div class="press-step__circle-container">
              <div class="press-step__circle" style="background-color: rgb(150, 151, 153);"></div>
            </div>
            <!---->
          </div>
        </div>
      </div>
    </div>
  </div>
  <div>
    <div class="press-steps-index">
      <div class=" press-steps press-steps--horizontal">
        <div class="press-step__wrapper">
          <div data-index="0" class="press-step press-step--horizontal press-step--finish press-hairline">
            <div class="press-step__title">
              <div>买家下单</div>
              <div class="press-step__desc">
                描述信息
              </div>
            </div>
            <div class="press-step__circle-container">
              <div class="press-step__icon press-icon-plus press-icon-plus-location-o" style="color: rgb(7, 193, 96);">
                <!---->
                <!---->
              </div>
            </div>
            <div class="press-step__line" style="background-color: rgb(7, 193, 96);"></div>
          </div>
          <div data-index="1" class="press-step press-step--horizontal press-step--process press-hairline">
            <div class="press-step__title" style="color: rgb(7, 193, 96);">
              <div>商家接单</div>
              <div class="press-step__desc">
                描述信息
              </div>
            </div>
            <div class="press-step__circle-container">
              <div class="press-step__icon press-icon-plus press-icon-plus-plus" style="color: rgb(7, 193, 96);">
                <!---->
                <!---->
              </div>
            </div>
            <div class="press-step__line" style="background-color: rgb(150, 151, 153);"></div>
          </div>
          <div data-index="2" class="press-step press-step--horizontal press-step--inactive press-hairline" style="color: rgb(150, 151, 153);">
            <div class="press-step__title">
              <div>买家提货</div>
              <div class="press-step__desc">
                描述信息
              </div>
            </div>
            <div class="press-step__circle-container">
              <div class="press-step__icon press-icon-plus press-icon-plus-star-o" style="color: rgb(150, 151, 153);">
                <!---->
                <!---->
              </div>
            </div>
            <div class="press-step__line" style="background-color: rgb(150, 151, 153);"></div>
          </div>
          <div data-index="3" class="press-step press-step--horizontal press-step--inactive press-hairline" style="color: rgb(150, 151, 153);">
            <div class="press-step__title">
              <div>交易完成</div>
              <div class="press-step__desc">
                描述信息
              </div>
            </div>
            <div class="press-step__circle-container">
              <div class="press-step__icon press-icon-plus press-icon-plus-phone-o" style="color: rgb(150, 151, 153);">
                <!---->
                <!---->
              </div>
            </div>
            <!---->
          </div>
        </div>
      </div>
    </div>
  </div>
  <div>
    <div class="press-steps-index">
      <div class=" press-steps press-steps--vertical">
        <div class="press-step__wrapper">
          <div data-index="0" class="press-step press-step--vertical press-step--finish press-hairline">
            <div class="press-step__title">
              <div>买家下单</div>
              <div class="press-step__desc">
                描述信息
              </div>
            </div>
            <div class="press-step__circle-container">
              <div class="press-step__circle" style="background-color: rgb(238, 10, 36);"></div>
            </div>
            <div class="press-step__line" style="background-color: rgb(238, 10, 36);"></div>
          </div>
          <div data-index="1" class="press-step press-step--vertical press-step--process press-hairline">
            <div class="press-step__title" style="color: rgb(238, 10, 36);">
              <div>商家接单</div>
              <div class="press-step__desc">
                描述信息
              </div>
            </div>
            <div class="press-step__circle-container">
              <div class="press-step__icon press-icon-plus press-icon-plus-checked" style="color: rgb(238, 10, 36);">
                <!---->
                <!---->
              </div>
            </div>
            <div class="press-step__line" style="background-color: rgb(150, 151, 153);"></div>
          </div>
          <div data-index="2" class="press-step press-step--vertical press-step--inactive press-hairline" style="color: rgb(150, 151, 153);">
            <div class="press-step__title">
              <div>买家提货</div>
              <div class="press-step__desc">
                描述信息
              </div>
            </div>
            <div class="press-step__circle-container">
              <div class="press-step__circle" style="background-color: rgb(150, 151, 153);"></div>
            </div>
            <div class="press-step__line" style="background-color: rgb(150, 151, 153);"></div>
          </div>
          <div data-index="3" class="press-step press-step--vertical press-step--inactive press-hairline" style="color: rgb(150, 151, 153);">
            <div class="press-step__title">
              <div>交易完成</div>
              <div class="press-step__desc">
                描述信息
              </div>
            </div>
            <div class="press-step__circle-container">
              <div class="press-step__circle" style="background-color: rgb(150, 151, 153);"></div>
            </div>
            <!---->
          </div>
        </div>
      </div>
    </div>
  </div>
</div>
`;
