// Jest Snapshot v1, https://goo.gl/fbAQLP

exports[`renders demo correctly 1`] = `
<div class="demo-wrap">
  <div>
    <div>
      <div class="press-hairline--top-bottom press-tabbar" style="z-index: 1;">
        <div class="press-tabbar-item-index">
          <div class="press-tabbar-item">
            <div class="press-tabbar-item__icon">
              <div class="press-tabbar-item__icon__inner press-icon-plus press-icon-plus-home-o">
                <!---->
                <!---->
              </div>
              <!---->
            </div>
            <div class="press-tabbar-item__text">

            </div>
          </div>
        </div>
        <div class="press-tabbar-item-index">
          <div class="press-tabbar-item">
            <div class="press-tabbar-item__icon">
              <div class="press-tabbar-item__icon__inner press-icon-plus press-icon-plus-search">
                <!---->
                <!---->
              </div>
              <!---->
            </div>
            <div class="press-tabbar-item__text">

            </div>
          </div>
        </div>
        <div class="press-tabbar-item-index">
          <div class="press-tabbar-item">
            <div class="press-tabbar-item__icon">
              <div class="press-tabbar-item__icon__inner press-icon-plus press-icon-plus-friends-o">
                <!---->
                <!---->
              </div>
              <!---->
            </div>
            <div class="press-tabbar-item__text">

            </div>
          </div>
        </div>
        <div class="press-tabbar-item-index">
          <div class="press-tabbar-item">
            <div class="press-tabbar-item__icon">
              <div class="press-tabbar-item__icon__inner press-icon-plus press-icon-plus-setting-o">
                <!---->
                <!---->
              </div>
              <!---->
            </div>
            <div class="press-tabbar-item__text">

            </div>
          </div>
        </div>
      </div>
      <!---->
    </div>
  </div>
  <div>
    <div>
      <div class="press-hairline--top-bottom press-tabbar" style="z-index: 1;">
        <div class="press-tabbar-item-index">
          <div class="press-tabbar-item">
            <div class="press-tabbar-item__icon">
              <div class="press-tabbar-item__icon__inner press-icon-plus press-icon-plus-home-o">
                <!---->
                <!---->
              </div>
              <!---->
            </div>
            <div class="press-tabbar-item__text">

            </div>
          </div>
        </div>
        <div class="press-tabbar-item-index">
          <div class="press-tabbar-item">
            <div class="press-tabbar-item__icon">
              <div class="press-tabbar-item__icon__inner press-icon-plus press-icon-plus-search">
                <!---->
                <!---->
              </div>
              <!---->
            </div>
            <div class="press-tabbar-item__text">

            </div>
          </div>
        </div>
        <div class="press-tabbar-item-index">
          <div class="press-tabbar-item">
            <div class="press-tabbar-item__icon">
              <div class="press-tabbar-item__icon__inner press-icon-plus press-icon-plus-friends-o">
                <!---->
                <!---->
              </div>
              <!---->
            </div>
            <div class="press-tabbar-item__text">

            </div>
          </div>
        </div>
        <div class="press-tabbar-item-index">
          <div class="press-tabbar-item">
            <div class="press-tabbar-item__icon">
              <div class="press-tabbar-item__icon__inner press-icon-plus press-icon-plus-setting-o">
                <!---->
                <!---->
              </div>
              <!---->
            </div>
            <div class="press-tabbar-item__text">

            </div>
          </div>
        </div>
      </div>
      <!---->
    </div>
  </div>
  <div>
    <div>
      <div class="press-hairline--top-bottom press-tabbar" style="z-index: 1;">
        <div class="press-tabbar-item-index">
          <div class="press-tabbar-item">
            <div class="press-tabbar-item__icon">
              <div class="press-tabbar-item__icon__inner press-icon-plus press-icon-plus-home-o">
                <!---->
                <!---->
              </div>
              <!---->
            </div>
            <div class="press-tabbar-item__text">

            </div>
          </div>
        </div>
        <div class="press-tabbar-item-index">
          <div class="press-tabbar-item">
            <div class="press-tabbar-item__icon">
              <div class="press-tabbar-item__icon__inner press-icon-plus press-icon-plus-search">
                <!---->
                <!---->
              </div>
              <div class="press-info press-info press-info--dot press-tabbar-item__info">

              </div>
            </div>
            <div class="press-tabbar-item__text">

            </div>
          </div>
        </div>
        <div class="press-tabbar-item-index">
          <div class="press-tabbar-item">
            <div class="press-tabbar-item__icon">
              <div class="press-tabbar-item__icon__inner press-icon-plus press-icon-plus-friends-o">
                <!---->
                <!---->
              </div>
              <div class="press-info press-info press-tabbar-item__info">
                5
              </div>
            </div>
            <div class="press-tabbar-item__text">

            </div>
          </div>
        </div>
        <div class="press-tabbar-item-index">
          <div class="press-tabbar-item">
            <div class="press-tabbar-item__icon">
              <div class="press-tabbar-item__icon__inner press-icon-plus press-icon-plus-setting-o">
                <!---->
                <!---->
              </div>
              <div class="press-info press-info press-tabbar-item__info">
                20
              </div>
            </div>
            <div class="press-tabbar-item__text">

            </div>
          </div>
        </div>
      </div>
      <!---->
    </div>
  </div>
  <div>
    <div>
      <div class="press-hairline--top-bottom press-tabbar" style="z-index: 1;">
        <div class="press-tabbar-item-index">
          <div class="press-tabbar-item">
            <div class="press-tabbar-item__icon"><img src="https://mike-1255355338.cos.ap-guangzhou.myqcloud.com/press%2Fimg%2Fuser-inactive.png" mode="aspectFit" style="width: 23px; height: 18px;">
              <div class="press-info press-info press-tabbar-item__info">
                3
              </div>
            </div>
            <div class="press-tabbar-item__text">

            </div>
          </div>
        </div>
        <div class="press-tabbar-item-index">
          <div class="press-tabbar-item">
            <div class="press-tabbar-item__icon">
              <div class="press-tabbar-item__icon__inner press-icon-plus press-icon-plus-search">
                <!---->
                <!---->
              </div>
              <!---->
            </div>
            <div class="press-tabbar-item__text">

            </div>
          </div>
        </div>
        <div class="press-tabbar-item-index">
          <div class="press-tabbar-item">
            <div class="press-tabbar-item__icon">
              <div class="press-tabbar-item__icon__inner press-icon-plus press-icon-plus-setting-o">
                <!---->
                <!---->
              </div>
              <!---->
            </div>
            <div class="press-tabbar-item__text">

            </div>
          </div>
        </div>
      </div>
      <!---->
    </div>
  </div>
  <div>
    <div>
      <div class="press-hairline--top-bottom press-tabbar" style="z-index: 1;">
        <div class="press-tabbar-item-index">
          <div class="press-tabbar-item">
            <div class="press-tabbar-item__icon">
              <div class="press-tabbar-item__icon__inner press-icon-plus press-icon-plus-home-o">
                <!---->
                <!---->
              </div>
              <!---->
            </div>
            <div class="press-tabbar-item__text">
              A
            </div>
          </div>
        </div>
        <div class="press-tabbar-item-index">
          <div class="press-tabbar-item">
            <div class="press-tabbar-item__icon">
              <div class="press-tabbar-item__icon__inner press-icon-plus press-icon-plus-search">
                <!---->
                <!---->
              </div>
              <!---->
            </div>
            <div class="press-tabbar-item__text">
              B
            </div>
          </div>
        </div>
        <div class="press-tabbar-item-index">
          <div class="press-tabbar-item">
            <div class="press-tabbar-item__icon">
              <div class="press-tabbar-item__icon__inner press-icon-plus press-icon-plus-friends-o">
                <!---->
                <!---->
              </div>
              <!---->
            </div>
            <div class="press-tabbar-item__text">
              C
            </div>
          </div>
        </div>
        <div class="press-tabbar-item-index">
          <div class="press-tabbar-item">
            <div class="press-tabbar-item__icon">
              <div class="press-tabbar-item__icon__inner press-icon-plus press-icon-plus-setting-o">
                <!---->
                <!---->
              </div>
              <!---->
            </div>
            <div class="press-tabbar-item__text">
              D
            </div>
          </div>
        </div>
      </div>
      <!---->
    </div>
  </div>
</div>
`;
