// Jest Snapshot v1, https://goo.gl/fbAQLP

exports[`renders demo correctly 1`] = `
<div class="demo-wrap">
  <div>
    <div class="press-upload">
      <div class="press-upload__wrap">
        <div hover-class="press-upload__button--hover" hover-stay-time="150" class="press-upload__button" style="width: 80px; height: 80px;">
          <div class=" press-icon-plus press-icon-plus-photograph" style="color: rgb(211, 212, 214); font-size: 26px;">
            <!---->
            <!---->
          </div>
          <!---->
        </div>
      </div>
    </div>
  </div>
  <div>
    <div class="press-upload">
      <div class="press-upload__wrap">
        <div hover-class="press-upload__button--hover" hover-stay-time="150" class="press-upload__button" style="width: 80px; height: 80px;">
          <div class=" press-icon-plus press-icon-plus-photograph" style="color: rgb(211, 212, 214); font-size: 26px;">
            <!---->
            <!---->
          </div>
          <!---->
        </div>
      </div>
    </div>
  </div>
  <div>
    <div class="press-upload">
      <div class="press-upload__wrap">
        <div class="press-upload__wrap__preview">
          <image src="https://mike-1255355338.cos.ap-guangzhou.myqcloud.com/article/2023/10/own_mike_a17f94292a34e9f644.jpeg" mode="aspectFill" class="press-upload__wrap__preview__image" style="width: 80px; height: 80px;"></image>
          <div class="press-upload__status">
            <div class="press-upload__status__icon">
              <div class="press-loading-index" mode="circle">
                <div class=" press-loading">
                  <div class="press-loading__spinner press-loading__spinner--circular" style="color: rgb(255, 255, 255); width: 22px; height: 22px;">
                    <!---->
                  </div>
                  <div class="press-loading__text"></div>
                </div>
              </div>
            </div> <span class="press-upload__status__message">
            上传中...
          </span>
          </div>
          <!---->
          <!---->
        </div>
        <div class="press-upload__wrap__preview">
          <image src="https://mike-1255355338.cos.ap-guangzhou.myqcloud.com/article/2023/10/own_mike_a17f94292a34e9f644.jpeg" mode="aspectFill" class="press-upload__wrap__preview__image" style="width: 80px; height: 80px;"></image>
          <div class="press-upload__status">
            <div class="press-upload__status__icon">
              <div class=" press-icon-plus press-icon-plus-close" style="color: rgb(255, 255, 255); font-size: 22px;">
                <!---->
                <!---->
              </div>
            </div> <span class="press-upload__status__message">
            上传失败
          </span>
          </div>
          <div class="press-upload__deletable">
            <div class="press-upload__deletable__icon press-icon-plus press-icon-plus-cross" style="color: rgb(255, 255, 255); font-size: 16px;">
              <!---->
              <!---->
            </div>
          </div>
          <!---->
        </div>
        <div hover-class="press-upload__button--hover" hover-stay-time="150" class="press-upload__button" style="width: 80px; height: 80px;">
          <div class=" press-icon-plus press-icon-plus-photograph" style="color: rgb(211, 212, 214); font-size: 26px;">
            <!---->
            <!---->
          </div>
          <!---->
        </div>
      </div>
    </div>
  </div>
  <div>
    <div class="press-upload">
      <div class="press-upload__wrap">
        <div class="press-upload__wrap__preview">
          <image src="https://mike-1255355338.cos.ap-guangzhou.myqcloud.com/article/2023/10/own_mike_a17f94292a34e9f644.jpeg" mode="aspectFill" class="press-upload__wrap__preview__image" style="width: 80px; height: 80px;"></image>
          <!---->
          <div class="press-upload__deletable">
            <div class="press-upload__deletable__icon press-icon-plus press-icon-plus-cross" style="color: rgb(255, 255, 255); font-size: 16px;">
              <!---->
              <!---->
            </div>
          </div>
          <!---->
        </div>
        <div hover-class="press-upload__button--hover" hover-stay-time="150" class="press-upload__button" style="width: 80px; height: 80px;">
          <div class=" press-icon-plus press-icon-plus-photograph" style="color: rgb(211, 212, 214); font-size: 26px;">
            <!---->
            <!---->
          </div>
          <!---->
        </div>
      </div>
    </div>
  </div>
  <div>
    <div class="press-upload">
      <div class="press-upload__wrap">
        <div class="press-upload__wrap__preview">
          <image src="https://mike-1255355338.cos.ap-guangzhou.myqcloud.com/article/2023/10/own_mike_a17f94292a34e9f644.jpeg" mode="aspectFill" class="press-upload__wrap__preview__image" style="width: 80px; height: 80px;"></image>
          <!---->
          <div class="press-upload__deletable">
            <div class="press-upload__deletable__icon press-icon-plus press-icon-plus-cross" style="color: rgb(255, 255, 255); font-size: 16px;">
              <!---->
              <!---->
            </div>
          </div>
          <!---->
        </div>
        <div class="press-upload__wrap__preview">
          <image src="https://mike-1255355338.cos.ap-guangzhou.myqcloud.com/article/2023/10/own_mike_a17f94292a34e9f644.jpeg" mode="aspectFill" class="press-upload__wrap__preview__image" style="width: 80px; height: 80px;"></image>
          <!---->
          <div class="press-upload__deletable">
            <div class="press-upload__deletable__icon press-icon-plus press-icon-plus-cross" style="color: rgb(255, 255, 255); font-size: 16px;">
              <!---->
              <!---->
            </div>
          </div>
          <!---->
        </div>
        <!---->
      </div>
    </div>
  </div>
  <div>
    <div class="press-upload">
      <div class="press-upload__wrap">
        <div hover-class="press-upload__button--hover" hover-stay-time="150" class="press-upload__button" style="width: 80px; height: 80px;">
          <div class=" press-icon-plus press-icon-plus-photograph" style="color: rgb(211, 212, 214); font-size: 26px;">
            <!---->
            <!---->
          </div>
          <!---->
        </div>
      </div>
    </div>
  </div>
  <div>
    <div class="press-upload">
      <div class="press-upload__wrap">
        <div>
          <!---->
        </div>
      </div>
    </div>
  </div>
  <div>
    <div class="press-upload">
      <div class="press-upload__wrap">
        <div hover-class="press-upload__button--hover" hover-stay-time="150" class="press-upload__button" style="width: 80px; height: 80px;">
          <div class=" press-icon-plus press-icon-plus-photograph" style="color: rgb(211, 212, 214); font-size: 26px;">
            <!---->
            <!---->
          </div>
          <!---->
        </div>
      </div>
    </div>
  </div>
  <div>
    <div class="press-upload">
      <div class="press-upload__wrap">
        <div hover-class="" hover-stay-time="150" class="press-upload__button press-upload__button--disabled" style="width: 80px; height: 80px;">
          <div class=" press-icon-plus press-icon-plus-photograph" style="color: rgb(211, 212, 214); font-size: 26px;">
            <!---->
            <!---->
          </div>
          <!---->
        </div>
      </div>
    </div>
  </div>
</div>
`;
