// Jest Snapshot v1, https://goo.gl/fbAQLP

exports[`renders demo correctly 1`] = `
<div class="demo-wrap">
  <div>
    <div>
      <div class=" press-skeleton press-skeleton--animate">
        <!---->
        <div class="press-skeleton__content">
          <div class=" press-skeleton__title" style="width: 40%;"></div>
          <div class=" press-skeleton__row" style="width: 100%;"></div>
          <div class=" press-skeleton__row" style="width: 100%;"></div>
          <div class=" press-skeleton__row" style="width: 100%;"></div>
        </div>
      </div>
    </div>
  </div>
  <div>
    <div>
      <div class=" press-skeleton press-skeleton--animate">
        <div class=" press-skeleton__avatar press-skeleton__avatar--round" style="width: 32px; height: 32px;"></div>
        <div class="press-skeleton__content">
          <div class=" press-skeleton__title" style="width: 40%;"></div>
          <div class=" press-skeleton__row" style="width: 100%;"></div>
          <div class=" press-skeleton__row" style="width: 100%;"></div>
          <div class=" press-skeleton__row" style="width: 100%;"></div>
        </div>
      </div>
    </div>
  </div>
  <div>
    <div class="demo-switch-wrap">
      <div class="press-switch " style="font-size: 24px;">
        <div class="press-switch__node">
          <!---->
        </div>
      </div>
    </div>
    <div>
      <div class=" press-skeleton press-skeleton--animate">
        <div class=" press-skeleton__avatar press-skeleton__avatar--round" style="width: 32px; height: 32px;"></div>
        <div class="press-skeleton__content">
          <div class=" press-skeleton__title" style="width: 40%;"></div>
          <div class=" press-skeleton__row" style="width: 100%;"></div>
          <div class=" press-skeleton__row" style="width: 100%;"></div>
          <div class=" press-skeleton__row" style="width: 100%;"></div>
        </div>
      </div>
    </div>
  </div>
</div>
`;
