// Jest Snapshot v1, https://goo.gl/fbAQLP

exports[`renders demo correctly 1`] = `
<div class="demo-wrap">
  <div>
    <div class="press-empty   ">
      <div class="press-empty__image"></div>
      <div class="press-empty__image"><img src="https://mike-1255355338.cos.ap-guangzhou.myqcloud.com/press%2Fimg%2Fempty-image-default.png" class="press-empty__image__img"></div>
      <div class="press-empty__description"></div>
      <div class="press-empty__description">
        描述文字
      </div>
      <div class="press-empty__bottom"></div>
    </div>
  </div>
  <div>
    <div class="press-tabs press-tabs--line ">
      <div>
        <div class="press-sticky" style="z-index: 1;">
          <div class="press-sticky-wrap" style="z-index: 1;">
            <div class="press-tabs__wrap ">
              <div class="press-tabs__scroll press-tabs__scroll--line">
                <div class="press-tabs__nav press-tabs__nav--line  nav-class">
                  <div class="press-tabs__line " style="width: 40px; transform: translateX(0px);"></div>
                </div>
              </div>
            </div>
          </div>
        </div>
      </div>
      <div class="press-tabs__content">
        <div class="press-tabs__track">
          <div class="press-tab__pane-wrapper">
            <div class="press-tab__pane press-tab__pane--inactive " style="display: none;">
              <!---->
            </div>
          </div>
          <div class="press-tab__pane-wrapper">
            <div class="press-tab__pane press-tab__pane--inactive " style="display: none;">
              <!---->
            </div>
          </div>
          <div class="press-tab__pane-wrapper">
            <div class="press-tab__pane press-tab__pane--inactive " style="display: none;">
              <!---->
            </div>
          </div>
        </div>
      </div>
    </div>
  </div>
  <div>
    <div class="press-empty   custom-image">
      <div class="press-empty__image"></div>
      <div class="press-empty__image"><img src="https://mike-1255355338.cos.ap-guangzhou.myqcloud.com/press%2Fimg%2Fcustom-empty-image.png" class="press-empty__image__img" style="width: 90px; height: 90px;"></div>
      <div class="press-empty__description"></div>
      <div class="press-empty__description">
        描述文字
      </div>
      <div class="press-empty__bottom"></div>
    </div>
  </div>
  <div>
    <div class="press-empty   ">
      <div class="press-empty__image"></div>
      <div class="press-empty__image"><img src="https://mike-1255355338.cos.ap-guangzhou.myqcloud.com/press%2Fimg%2Fempty-image-default.png" class="press-empty__image__img"></div>
      <div class="press-empty__description"></div>
      <div class="press-empty__description">
        描述文字
      </div>
      <div class="press-empty__bottom"><button id="" hover-class="press-button--active," lang="" form-type="" open-type="" business-id="" session-from="" send-message-title="" send-message-path="" send-message-img="" show-message-card="" app-parameter="" aria-label="" class="bottom-button press-button press-button--danger press-button--normal press-button--round "><button id="" hover-class="press-button--active," lang="" form-type="" open-type="" business-id="" session-from="" send-message-title="" send-message-path="" send-message-img="" show-message-card="" app-parameter="" aria-label="" class="bottom-button press-button press-button--danger press-button--normal press-button--round ">
            <!---->
            <div class="press-button__text">

            </div>
          </button></button></div>
    </div>
  </div>
  <div>
    <div class="press-empty press-empty--e-sport  " style="height: 300px;"><span class="iconfont icon-empty press-icon--e-sport"></span>
      <div class="press-empty__description"></div>
      <div class="press-empty__description">
        描述文字
      </div>
      <div class="press-empty__bottom"></div>
    </div>
  </div>
  <div>
    <div class="press-empty  press-empty--hor ">
      <div class="press-empty__icon--hor"></div>
      <div class="press-empty__description"></div>
      <div class="press-empty__description">
        描述文字
      </div>
      <div class="press-empty__bottom"></div>
    </div>
  </div>
</div>
`;
