// Jest Snapshot v1, https://goo.gl/fbAQLP

exports[`renders demo correctly 1`] = `
<div class="demo-wrap">
  <div>
    <div hover-class="press-cell--hover," hover-stay-time="70" class=" press-cell press-cell--clickable">
      <div class="press-cell__title">
        Top
        <!---->
      </div>
      <div class="press-cell__value"></div>
      <div class=" press-cell__right-icon press-icon-plus press-icon-plus-arrow press-cell__right-icon">
        <!---->
        <!---->
      </div>
    </div>
    <div hover-class="press-cell--hover," hover-stay-time="70" class=" press-cell press-cell--clickable">
      <div class="press-cell__title">
        Bottom
        <!---->
      </div>
      <div class="press-cell__value"></div>
      <div class=" press-cell__right-icon press-icon-plus press-icon-plus-arrow press-cell__right-icon">
        <!---->
        <!---->
      </div>
    </div>
    <div hover-class="press-cell--hover," hover-stay-time="70" class=" press-cell press-cell--clickable">
      <div class="press-cell__title">
        Left
        <!---->
      </div>
      <div class="press-cell__value"></div>
      <div class=" press-cell__right-icon press-icon-plus press-icon-plus-arrow press-cell__right-icon">
        <!---->
        <!---->
      </div>
    </div>
    <div hover-class="press-cell--hover," hover-stay-time="70" class=" press-cell press-cell--clickable">
      <div class="press-cell__title">
        Right
        <!---->
      </div>
      <div class="press-cell__value"></div>
      <div class=" press-cell__right-icon press-icon-plus press-icon-plus-arrow press-cell__right-icon">
        <!---->
        <!---->
      </div>
    </div>
  </div>
  <div class="demo-block-wrap">
    <div class="demo-block">
      <!---->
    </div>
  </div>
</div>
`;
