// Jest Snapshot v1, https://goo.gl/fbAQLP

exports[`renders demo correctly 1`] = `
<div class="demo-wrap demo-wrap--gray">
  <div>
    <div>
      <div class="press-dropdown-menu press-dropdown-menu--top-bottom">
        <!---->
        <!---->
      </div>
    </div>
  </div>
  <div>
    <div>
      <div class="press-dropdown-menu press-dropdown-menu--top-bottom">
        <!---->
        <!---->
      </div>
    </div>
  </div>
  <div>
    <div>
      <div class="press-dropdown-menu press-dropdown-menu--top-bottom">
        <!---->
        <!---->
      </div>
    </div>
  </div>
  <div>
    <div>
      <div class="press-dropdown-menu press-dropdown-menu--top-bottom">
        <!---->
        <!---->
      </div>
    </div>
  </div>
  <div>
    <div>
      <div class="press-dropdown-menu press-dropdown-menu--top-bottom">
        <!---->
        <!---->
      </div>
    </div>
  </div>
</div>
`;
