// Jest Snapshot v1, https://goo.gl/fbAQLP

exports[`renders demo correctly 1`] = `
<div class="demo-wrap">
  <div>
    <div hover-class="press-cell--hover," hover-stay-time="70" class=" press-cell press-cell--clickable">
      <div class="press-cell__title">
        <!---->
      </div>
      <div class="press-cell__value"></div>
      <div class=" press-cell__right-icon press-icon-plus press-icon-plus-arrow press-cell__right-icon">
        <!---->
        <!---->
      </div>
    </div>
    <div hover-class="press-cell--hover," hover-stay-time="70" class=" press-cell press-cell--clickable">
      <div class="press-cell__title">
        点击蒙层不可关闭
        <!---->
      </div>
      <div class="press-cell__value"></div>
      <div class=" press-cell__right-icon press-icon-plus press-icon-plus-arrow press-cell__right-icon">
        <!---->
        <!---->
      </div>
    </div>
  </div>
  <div>
    <div hover-class="press-cell--hover," hover-stay-time="70" class=" press-cell press-cell--clickable">
      <div class="press-cell__title">
        图片
        <!---->
      </div>
      <div class="press-cell__value"></div>
      <div class=" press-cell__right-icon press-icon-plus press-icon-plus-arrow press-cell__right-icon">
        <!---->
        <!---->
      </div>
    </div>
    <div hover-class="press-cell--hover," hover-stay-time="70" class=" press-cell press-cell--clickable">
      <div class="press-cell__title">
        HTML内容
        <!---->
      </div>
      <div class="press-cell__value"></div>
      <div class=" press-cell__right-icon press-icon-plus press-icon-plus-arrow press-cell__right-icon">
        <!---->
        <!---->
      </div>
    </div>
    <div hover-class="press-cell--hover," hover-stay-time="70" class=" press-cell press-cell--clickable">
      <div class="press-cell__title">
        长文本
        <!---->
      </div>
      <div class="press-cell__value"></div>
      <div class=" press-cell__right-icon press-icon-plus press-icon-plus-arrow press-cell__right-icon">
        <!---->
        <!---->
      </div>
    </div>
    <div hover-class="press-cell--hover," hover-stay-time="70" class=" press-cell press-cell--clickable">
      <div class="press-cell__title">
        输入框
        <!---->
      </div>
      <div class="press-cell__value"></div>
      <div class=" press-cell__right-icon press-icon-plus press-icon-plus-arrow press-cell__right-icon">
        <!---->
        <!---->
      </div>
    </div>
  </div>
  <div>
    <div hover-class="press-cell--hover," hover-stay-time="70" class=" press-cell press-cell--clickable">
      <div class="press-cell__title">
        没有取消按钮
        <!---->
      </div>
      <div class="press-cell__value"></div>
      <div class=" press-cell__right-icon press-icon-plus press-icon-plus-arrow press-cell__right-icon">
        <!---->
        <!---->
      </div>
    </div>
    <div hover-class="press-cell--hover," hover-stay-time="70" class=" press-cell press-cell--clickable">
      <div class="press-cell__title">
        <!---->
      </div>
      <div class="press-cell__value"></div>
      <div class=" press-cell__right-icon press-icon-plus press-icon-plus-arrow press-cell__right-icon">
        <!---->
        <!---->
      </div>
    </div>
    <div hover-class="press-cell--hover," hover-stay-time="70" class=" press-cell press-cell--clickable">
      <div class="press-cell__title">
        没有取消+加载中
        <!---->
      </div>
      <div class="press-cell__value"></div>
      <div class=" press-cell__right-icon press-icon-plus press-icon-plus-arrow press-cell__right-icon">
        <!---->
        <!---->
      </div>
    </div>
  </div>
  <div>
    <div hover-class="press-cell--hover," hover-stay-time="70" class=" press-cell press-cell--clickable">
      <div class="press-cell__title">
        组件调用
        <!---->
      </div>
      <div class="press-cell__value"></div>
      <div class=" press-cell__right-icon press-icon-plus press-icon-plus-arrow press-cell__right-icon">
        <!---->
        <!---->
      </div>
    </div>
    <div hover-class="press-cell--hover," hover-stay-time="70" class=" press-cell press-cell--clickable">
      <div class="press-cell__title">
        多例
        <!---->
      </div>
      <div class="press-cell__value"></div>
      <div class=" press-cell__right-icon press-icon-plus press-icon-plus-arrow press-cell__right-icon">
        <!---->
        <!---->
      </div>
    </div>
  </div>
  <!---->
  <!---->
  <!---->
</div>
`;
