// Jest Snapshot v1, https://goo.gl/fbAQLP

exports[`renders demo correctly 1`] = `
<div class="demo-wrap">
  <div>
    <div style="margin: 20px 0px;">
      <div class="press-progress" style="height: 4px;">
        <div class="press-progress__portion" style="background: rgb(25, 137, 250); width: 50%;">
          <div class="press-progress__pivot" style="color: rgb(255, 255, 255); right: 0px; background: rgb(25, 137, 250);">
            50%
          </div>
        </div>
      </div>
    </div>
  </div>
  <div>
    <div style="margin: 20px 0px;">
      <div class="press-progress" style="height: 8px;">
        <div class="press-progress__portion" style="background: rgb(25, 137, 250); width: 50%;">
          <div class="press-progress__pivot" style="color: rgb(255, 255, 255); right: 0px; background: rgb(25, 137, 250);">
            50%
          </div>
        </div>
      </div>
    </div>
  </div>
  <div>
    <div style="margin: 20px 0px;">
      <div class="press-progress" style="height: 4px;">
        <div class="press-progress__portion" style="background: rgb(202, 202, 202); width: 50%;">
          <div class="press-progress__pivot" style="color: rgb(255, 255, 255); right: 0px; background: rgb(202, 202, 202);">
            50%
          </div>
        </div>
      </div>
    </div>
  </div>
  <div>
    <div style="margin: 20px 0px;">
      <div class="press-progress" style="height: 4px;">
        <div class="press-progress__portion" style="background: rgb(242, 130, 106); width: 25%;">
          <div class="press-progress__pivot" style="color: rgb(255, 255, 255); right: 0px; background: rgb(242, 130, 106);">
            25%
          </div>
        </div>
      </div>
    </div>
    <div style="margin: 20px 0px;">
      <div class="press-progress" style="height: 4px;">
        <div class="press-progress__portion" style="background: rgb(238, 10, 36); width: 50%;">
          <div class="press-progress__pivot" style="color: rgb(255, 255, 255); right: 0px; background: rgb(238, 10, 36);">
            50%
          </div>
        </div>
      </div>
    </div>
    <div style="margin: 20px 0px;">
      <div class="press-progress" style="height: 4px;">
        <div class="press-progress__portion" style="width: 75%;">
          <div class="press-progress__pivot" style="color: rgb(255, 255, 255); right: 0px; background: rgb(114, 50, 221);">
            75%
          </div>
        </div>
      </div>
    </div>
  </div>
</div>
`;
