// Jest Snapshot v1, https://goo.gl/fbAQLP

exports[`renders demo correctly 1`] = `
<div class="demo-wrap">
  <div class="swiper-wrap">
    <swiper indicator-dots="true" autoplay="autoplay" circular="true" interval="2000" duration="500" current="0" indicator-color="" indicator-active-color="" previous-margin="" next-margin="" current-item-id="" display-multiple-items="1" navigation-color="#fff" navigation-active-color="rgba(53, 53, 53, 0.6)" class="swiper"></swiper>
  </div>
  <div class="swiper-list">
    <div class="swiper-list-cell swiper-list-cell--pd">
      <div class="uni-list-cell-db">
        指示点
      </div>
      <div class="press-switch press-switch--on " style="font-size: 20px;">
        <div class="press-switch__node">
          <!---->
        </div>
      </div>
    </div>
    <div class="swiper-list-cell swiper-list-cell--pd">
      <div class="uni-list-cell-db">
        自动播放
      </div>
      <div class="press-switch press-switch--on " style="font-size: 20px;">
        <div class="press-switch__node">
          <!---->
        </div>
      </div>
    </div>
  </div>
  <div class="slider-wrap">
    <div class="slider-item"><span>幻灯片切换时长(ms)</span> <span class="info">
        500
      </span></div>
    <div class="press-slider-index">
      <div class=" press-slider">
        <div class="press-slider__bar" style="width: 0%; left: 0%; top: 0px;">
          <!---->
          <!---->
          <div class="press-slider__button-wrapper">
            <div class="press-slider__button"></div>
          </div>
        </div>
      </div>
    </div>
    <div class="slider-item"><span>自动播放间隔时长(ms)</span> <span class="info">
        2000
      </span></div>
    <div class="press-slider-index">
      <div class=" press-slider">
        <div class="press-slider__bar" style="width: 0%; left: 0%; top: 0px;">
          <!---->
          <!---->
          <div class="press-slider__button-wrapper">
            <div class="press-slider__button"></div>
          </div>
        </div>
      </div>
    </div>
  </div>
</div>
`;
