// Jest Snapshot v1, https://goo.gl/fbAQLP

exports[`renders demo correctly 1`] = `
<div class="demo-wrap">
  <div class="press-notify-index" id="press-notify">
    <!---->
  </div>
  <div class="press-card press-card--full press-card--border" style="margin: 0px; padding: 0px 10px;">
    <!---->
    <!---->
    <div class="press-card__content" style="padding: 10px;"><span class="uni-h6">
      仅保留 empty 图标，其他图标请使用 press-icon-plus。
    </span></div>
    <div class="press-card__actions"></div>
  </div>
  <div>
    <div class="icon-content">
      <div class="icon-item"><span class="iconfont icon-empty" style="font-size: 30px;"></span> <span class="uni-mt-5 uni-subtitle" style="color: rgb(94, 109, 130);">
          empty
        </span></div>
    </div>
  </div>
  <div>
    <div class="icon-content flex-end">
      <div class="icon-item">
        <div class="press-icon-music" style="width: 40px; height: 50px;">
          <div class="press-icon-music__bar press-icon-music__bar-0" style="background-color: rgb(41, 121, 255); width: calc(40px / 4);"></div>
          <div class="press-icon-music__bar press-icon-music__bar-1" style="background-color: rgb(41, 121, 255); width: calc(40px / 4);"></div>
          <div class="press-icon-music__bar press-icon-music__bar-2" style="background-color: rgb(41, 121, 255); width: calc(40px / 4);"></div>
        </div>
      </div>
      <div class="icon-item">
        <div class="press-icon-music" style="width: 40px; height: 50px;">
          <div class="press-icon-music__bar press-icon-music__bar-0" style="background-color: rgb(94, 109, 130); width: calc(40px / 4);"></div>
          <div class="press-icon-music__bar press-icon-music__bar-1" style="background-color: rgb(94, 109, 130); width: calc(40px / 4);"></div>
          <div class="press-icon-music__bar press-icon-music__bar-2" style="background-color: rgb(94, 109, 130); width: calc(40px / 4);"></div>
        </div>
      </div>
      <div class="icon-item">
        <div class="press-icon-music" style="width: 40px; height: 50px;">
          <div class="press-icon-music__bar press-icon-music__bar-0" style="background-color: rgb(41, 121, 255); width: calc(40px / 6);"></div>
          <div class="press-icon-music__bar press-icon-music__bar-1" style="background-color: rgb(41, 121, 255); width: calc(40px / 6);"></div>
          <div class="press-icon-music__bar press-icon-music__bar-2" style="background-color: rgb(41, 121, 255); width: calc(40px / 6);"></div>
          <div class="press-icon-music__bar press-icon-music__bar-3" style="background-color: rgb(41, 121, 255); width: calc(40px / 6);"></div>
          <div class="press-icon-music__bar press-icon-music__bar-4" style="background-color: rgb(41, 121, 255); width: calc(40px / 6);"></div>
        </div>
      </div>
      <div class="icon-item">
        <div class="press-icon-music" style="width: 60px; height: 60px;">
          <div class="press-icon-music__bar press-icon-music__bar-0" style="background-color: rgb(41, 121, 255); width: calc(60px / 4);"></div>
          <div class="press-icon-music__bar press-icon-music__bar-1" style="background-color: rgb(41, 121, 255); width: calc(60px / 4);"></div>
          <div class="press-icon-music__bar press-icon-music__bar-2" style="background-color: rgb(41, 121, 255); width: calc(60px / 4);"></div>
        </div>
      </div>
    </div>
  </div>
</div>
`;
