// Jest Snapshot v1, https://goo.gl/fbAQLP

exports[`renders demo correctly 1`] = `
<div class="demo-wrap">
  <div class="press-index-bar-container">
    <div class="press-index-bar-wrapper">
      <div class="press-index-bar">
        <div>
          <div>
            <div class="press-index-anchor-wrapper">
              <div class="press-index-anchor "><span>A</span></div>
            </div>
          </div>
          <div hover-class="press-cell--hover," hover-stay-time="70" class=" press-cell">
            <div class="press-cell__title">
              文本
              <!---->
            </div>
            <div class="press-cell__value"></div>
          </div>
          <div hover-class="press-cell--hover," hover-stay-time="70" class=" press-cell">
            <div class="press-cell__title">
              文本
              <!---->
            </div>
            <div class="press-cell__value"></div>
          </div>
          <div hover-class="press-cell--hover," hover-stay-time="70" class=" press-cell">
            <div class="press-cell__title">
              文本
              <!---->
            </div>
            <div class="press-cell__value"></div>
          </div>
        </div>
        <div>
          <div>
            <div class="press-index-anchor-wrapper">
              <div class="press-index-anchor "><span>B</span></div>
            </div>
          </div>
          <div hover-class="press-cell--hover," hover-stay-time="70" class=" press-cell">
            <div class="press-cell__title">
              文本
              <!---->
            </div>
            <div class="press-cell__value"></div>
          </div>
          <div hover-class="press-cell--hover," hover-stay-time="70" class=" press-cell">
            <div class="press-cell__title">
              文本
              <!---->
            </div>
            <div class="press-cell__value"></div>
          </div>
          <div hover-class="press-cell--hover," hover-stay-time="70" class=" press-cell">
            <div class="press-cell__title">
              文本
              <!---->
            </div>
            <div class="press-cell__value"></div>
          </div>
        </div>
        <div>
          <div>
            <div class="press-index-anchor-wrapper">
              <div class="press-index-anchor "><span>C</span></div>
            </div>
          </div>
          <div hover-class="press-cell--hover," hover-stay-time="70" class=" press-cell">
            <div class="press-cell__title">
              文本
              <!---->
            </div>
            <div class="press-cell__value"></div>
          </div>
          <div hover-class="press-cell--hover," hover-stay-time="70" class=" press-cell">
            <div class="press-cell__title">
              文本
              <!---->
            </div>
            <div class="press-cell__value"></div>
          </div>
          <div hover-class="press-cell--hover," hover-stay-time="70" class=" press-cell">
            <div class="press-cell__title">
              文本
              <!---->
            </div>
            <div class="press-cell__value"></div>
          </div>
        </div>
        <div>
          <div>
            <div class="press-index-anchor-wrapper">
              <div class="press-index-anchor "><span>D</span></div>
            </div>
          </div>
          <div hover-class="press-cell--hover," hover-stay-time="70" class=" press-cell">
            <div class="press-cell__title">
              文本
              <!---->
            </div>
            <div class="press-cell__value"></div>
          </div>
          <div hover-class="press-cell--hover," hover-stay-time="70" class=" press-cell">
            <div class="press-cell__title">
              文本
              <!---->
            </div>
            <div class="press-cell__value"></div>
          </div>
          <div hover-class="press-cell--hover," hover-stay-time="70" class=" press-cell">
            <div class="press-cell__title">
              文本
              <!---->
            </div>
            <div class="press-cell__value"></div>
          </div>
        </div>
        <div>
          <div>
            <div class="press-index-anchor-wrapper">
              <div class="press-index-anchor "><span>E</span></div>
            </div>
          </div>
          <div hover-class="press-cell--hover," hover-stay-time="70" class=" press-cell">
            <div class="press-cell__title">
              文本
              <!---->
            </div>
            <div class="press-cell__value"></div>
          </div>
          <div hover-class="press-cell--hover," hover-stay-time="70" class=" press-cell">
            <div class="press-cell__title">
              文本
              <!---->
            </div>
            <div class="press-cell__value"></div>
          </div>
          <div hover-class="press-cell--hover," hover-stay-time="70" class=" press-cell">
            <div class="press-cell__title">
              文本
              <!---->
            </div>
            <div class="press-cell__value"></div>
          </div>
        </div>
        <div>
          <div>
            <div class="press-index-anchor-wrapper">
              <div class="press-index-anchor "><span>F</span></div>
            </div>
          </div>
          <div hover-class="press-cell--hover," hover-stay-time="70" class=" press-cell">
            <div class="press-cell__title">
              文本
              <!---->
            </div>
            <div class="press-cell__value"></div>
          </div>
          <div hover-class="press-cell--hover," hover-stay-time="70" class=" press-cell">
            <div class="press-cell__title">
              文本
              <!---->
            </div>
            <div class="press-cell__value"></div>
          </div>
          <div hover-class="press-cell--hover," hover-stay-time="70" class=" press-cell">
            <div class="press-cell__title">
              文本
              <!---->
            </div>
            <div class="press-cell__value"></div>
          </div>
        </div>
        <div>
          <div>
            <div class="press-index-anchor-wrapper">
              <div class="press-index-anchor "><span>G</span></div>
            </div>
          </div>
          <div hover-class="press-cell--hover," hover-stay-time="70" class=" press-cell">
            <div class="press-cell__title">
              文本
              <!---->
            </div>
            <div class="press-cell__value"></div>
          </div>
          <div hover-class="press-cell--hover," hover-stay-time="70" class=" press-cell">
            <div class="press-cell__title">
              文本
              <!---->
            </div>
            <div class="press-cell__value"></div>
          </div>
          <div hover-class="press-cell--hover," hover-stay-time="70" class=" press-cell">
            <div class="press-cell__title">
              文本
              <!---->
            </div>
            <div class="press-cell__value"></div>
          </div>
        </div>
        <div>
          <div>
            <div class="press-index-anchor-wrapper">
              <div class="press-index-anchor "><span>H</span></div>
            </div>
          </div>
          <div hover-class="press-cell--hover," hover-stay-time="70" class=" press-cell">
            <div class="press-cell__title">
              文本
              <!---->
            </div>
            <div class="press-cell__value"></div>
          </div>
          <div hover-class="press-cell--hover," hover-stay-time="70" class=" press-cell">
            <div class="press-cell__title">
              文本
              <!---->
            </div>
            <div class="press-cell__value"></div>
          </div>
          <div hover-class="press-cell--hover," hover-stay-time="70" class=" press-cell">
            <div class="press-cell__title">
              文本
              <!---->
            </div>
            <div class="press-cell__value"></div>
          </div>
        </div>
        <div>
          <div>
            <div class="press-index-anchor-wrapper">
              <div class="press-index-anchor "><span>I</span></div>
            </div>
          </div>
          <div hover-class="press-cell--hover," hover-stay-time="70" class=" press-cell">
            <div class="press-cell__title">
              文本
              <!---->
            </div>
            <div class="press-cell__value"></div>
          </div>
          <div hover-class="press-cell--hover," hover-stay-time="70" class=" press-cell">
            <div class="press-cell__title">
              文本
              <!---->
            </div>
            <div class="press-cell__value"></div>
          </div>
          <div hover-class="press-cell--hover," hover-stay-time="70" class=" press-cell">
            <div class="press-cell__title">
              文本
              <!---->
            </div>
            <div class="press-cell__value"></div>
          </div>
        </div>
        <div>
          <div>
            <div class="press-index-anchor-wrapper">
              <div class="press-index-anchor "><span>J</span></div>
            </div>
          </div>
          <div hover-class="press-cell--hover," hover-stay-time="70" class=" press-cell">
            <div class="press-cell__title">
              文本
              <!---->
            </div>
            <div class="press-cell__value"></div>
          </div>
          <div hover-class="press-cell--hover," hover-stay-time="70" class=" press-cell">
            <div class="press-cell__title">
              文本
              <!---->
            </div>
            <div class="press-cell__value"></div>
          </div>
          <div hover-class="press-cell--hover," hover-stay-time="70" class=" press-cell">
            <div class="press-cell__title">
              文本
              <!---->
            </div>
            <div class="press-cell__value"></div>
          </div>
        </div>
        <div>
          <div>
            <div class="press-index-anchor-wrapper">
              <div class="press-index-anchor "><span>K</span></div>
            </div>
          </div>
          <div hover-class="press-cell--hover," hover-stay-time="70" class=" press-cell">
            <div class="press-cell__title">
              文本
              <!---->
            </div>
            <div class="press-cell__value"></div>
          </div>
          <div hover-class="press-cell--hover," hover-stay-time="70" class=" press-cell">
            <div class="press-cell__title">
              文本
              <!---->
            </div>
            <div class="press-cell__value"></div>
          </div>
          <div hover-class="press-cell--hover," hover-stay-time="70" class=" press-cell">
            <div class="press-cell__title">
              文本
              <!---->
            </div>
            <div class="press-cell__value"></div>
          </div>
        </div>
        <div>
          <div>
            <div class="press-index-anchor-wrapper">
              <div class="press-index-anchor "><span>L</span></div>
            </div>
          </div>
          <div hover-class="press-cell--hover," hover-stay-time="70" class=" press-cell">
            <div class="press-cell__title">
              文本
              <!---->
            </div>
            <div class="press-cell__value"></div>
          </div>
          <div hover-class="press-cell--hover," hover-stay-time="70" class=" press-cell">
            <div class="press-cell__title">
              文本
              <!---->
            </div>
            <div class="press-cell__value"></div>
          </div>
          <div hover-class="press-cell--hover," hover-stay-time="70" class=" press-cell">
            <div class="press-cell__title">
              文本
              <!---->
            </div>
            <div class="press-cell__value"></div>
          </div>
        </div>
        <div>
          <div>
            <div class="press-index-anchor-wrapper">
              <div class="press-index-anchor "><span>M</span></div>
            </div>
          </div>
          <div hover-class="press-cell--hover," hover-stay-time="70" class=" press-cell">
            <div class="press-cell__title">
              文本
              <!---->
            </div>
            <div class="press-cell__value"></div>
          </div>
          <div hover-class="press-cell--hover," hover-stay-time="70" class=" press-cell">
            <div class="press-cell__title">
              文本
              <!---->
            </div>
            <div class="press-cell__value"></div>
          </div>
          <div hover-class="press-cell--hover," hover-stay-time="70" class=" press-cell">
            <div class="press-cell__title">
              文本
              <!---->
            </div>
            <div class="press-cell__value"></div>
          </div>
        </div>
        <div>
          <div>
            <div class="press-index-anchor-wrapper">
              <div class="press-index-anchor "><span>N</span></div>
            </div>
          </div>
          <div hover-class="press-cell--hover," hover-stay-time="70" class=" press-cell">
            <div class="press-cell__title">
              文本
              <!---->
            </div>
            <div class="press-cell__value"></div>
          </div>
          <div hover-class="press-cell--hover," hover-stay-time="70" class=" press-cell">
            <div class="press-cell__title">
              文本
              <!---->
            </div>
            <div class="press-cell__value"></div>
          </div>
          <div hover-class="press-cell--hover," hover-stay-time="70" class=" press-cell">
            <div class="press-cell__title">
              文本
              <!---->
            </div>
            <div class="press-cell__value"></div>
          </div>
        </div>
        <div>
          <div>
            <div class="press-index-anchor-wrapper">
              <div class="press-index-anchor "><span>O</span></div>
            </div>
          </div>
          <div hover-class="press-cell--hover," hover-stay-time="70" class=" press-cell">
            <div class="press-cell__title">
              文本
              <!---->
            </div>
            <div class="press-cell__value"></div>
          </div>
          <div hover-class="press-cell--hover," hover-stay-time="70" class=" press-cell">
            <div class="press-cell__title">
              文本
              <!---->
            </div>
            <div class="press-cell__value"></div>
          </div>
          <div hover-class="press-cell--hover," hover-stay-time="70" class=" press-cell">
            <div class="press-cell__title">
              文本
              <!---->
            </div>
            <div class="press-cell__value"></div>
          </div>
        </div>
        <div>
          <div>
            <div class="press-index-anchor-wrapper">
              <div class="press-index-anchor "><span>P</span></div>
            </div>
          </div>
          <div hover-class="press-cell--hover," hover-stay-time="70" class=" press-cell">
            <div class="press-cell__title">
              文本
              <!---->
            </div>
            <div class="press-cell__value"></div>
          </div>
          <div hover-class="press-cell--hover," hover-stay-time="70" class=" press-cell">
            <div class="press-cell__title">
              文本
              <!---->
            </div>
            <div class="press-cell__value"></div>
          </div>
          <div hover-class="press-cell--hover," hover-stay-time="70" class=" press-cell">
            <div class="press-cell__title">
              文本
              <!---->
            </div>
            <div class="press-cell__value"></div>
          </div>
        </div>
        <div>
          <div>
            <div class="press-index-anchor-wrapper">
              <div class="press-index-anchor "><span>Q</span></div>
            </div>
          </div>
          <div hover-class="press-cell--hover," hover-stay-time="70" class=" press-cell">
            <div class="press-cell__title">
              文本
              <!---->
            </div>
            <div class="press-cell__value"></div>
          </div>
          <div hover-class="press-cell--hover," hover-stay-time="70" class=" press-cell">
            <div class="press-cell__title">
              文本
              <!---->
            </div>
            <div class="press-cell__value"></div>
          </div>
          <div hover-class="press-cell--hover," hover-stay-time="70" class=" press-cell">
            <div class="press-cell__title">
              文本
              <!---->
            </div>
            <div class="press-cell__value"></div>
          </div>
        </div>
        <div>
          <div>
            <div class="press-index-anchor-wrapper">
              <div class="press-index-anchor "><span>R</span></div>
            </div>
          </div>
          <div hover-class="press-cell--hover," hover-stay-time="70" class=" press-cell">
            <div class="press-cell__title">
              文本
              <!---->
            </div>
            <div class="press-cell__value"></div>
          </div>
          <div hover-class="press-cell--hover," hover-stay-time="70" class=" press-cell">
            <div class="press-cell__title">
              文本
              <!---->
            </div>
            <div class="press-cell__value"></div>
          </div>
          <div hover-class="press-cell--hover," hover-stay-time="70" class=" press-cell">
            <div class="press-cell__title">
              文本
              <!---->
            </div>
            <div class="press-cell__value"></div>
          </div>
        </div>
        <div>
          <div>
            <div class="press-index-anchor-wrapper">
              <div class="press-index-anchor "><span>S</span></div>
            </div>
          </div>
          <div hover-class="press-cell--hover," hover-stay-time="70" class=" press-cell">
            <div class="press-cell__title">
              文本
              <!---->
            </div>
            <div class="press-cell__value"></div>
          </div>
          <div hover-class="press-cell--hover," hover-stay-time="70" class=" press-cell">
            <div class="press-cell__title">
              文本
              <!---->
            </div>
            <div class="press-cell__value"></div>
          </div>
          <div hover-class="press-cell--hover," hover-stay-time="70" class=" press-cell">
            <div class="press-cell__title">
              文本
              <!---->
            </div>
            <div class="press-cell__value"></div>
          </div>
        </div>
        <div>
          <div>
            <div class="press-index-anchor-wrapper">
              <div class="press-index-anchor "><span>T</span></div>
            </div>
          </div>
          <div hover-class="press-cell--hover," hover-stay-time="70" class=" press-cell">
            <div class="press-cell__title">
              文本
              <!---->
            </div>
            <div class="press-cell__value"></div>
          </div>
          <div hover-class="press-cell--hover," hover-stay-time="70" class=" press-cell">
            <div class="press-cell__title">
              文本
              <!---->
            </div>
            <div class="press-cell__value"></div>
          </div>
          <div hover-class="press-cell--hover," hover-stay-time="70" class=" press-cell">
            <div class="press-cell__title">
              文本
              <!---->
            </div>
            <div class="press-cell__value"></div>
          </div>
        </div>
        <div>
          <div>
            <div class="press-index-anchor-wrapper">
              <div class="press-index-anchor "><span>U</span></div>
            </div>
          </div>
          <div hover-class="press-cell--hover," hover-stay-time="70" class=" press-cell">
            <div class="press-cell__title">
              文本
              <!---->
            </div>
            <div class="press-cell__value"></div>
          </div>
          <div hover-class="press-cell--hover," hover-stay-time="70" class=" press-cell">
            <div class="press-cell__title">
              文本
              <!---->
            </div>
            <div class="press-cell__value"></div>
          </div>
          <div hover-class="press-cell--hover," hover-stay-time="70" class=" press-cell">
            <div class="press-cell__title">
              文本
              <!---->
            </div>
            <div class="press-cell__value"></div>
          </div>
        </div>
        <div>
          <div>
            <div class="press-index-anchor-wrapper">
              <div class="press-index-anchor "><span>V</span></div>
            </div>
          </div>
          <div hover-class="press-cell--hover," hover-stay-time="70" class=" press-cell">
            <div class="press-cell__title">
              文本
              <!---->
            </div>
            <div class="press-cell__value"></div>
          </div>
          <div hover-class="press-cell--hover," hover-stay-time="70" class=" press-cell">
            <div class="press-cell__title">
              文本
              <!---->
            </div>
            <div class="press-cell__value"></div>
          </div>
          <div hover-class="press-cell--hover," hover-stay-time="70" class=" press-cell">
            <div class="press-cell__title">
              文本
              <!---->
            </div>
            <div class="press-cell__value"></div>
          </div>
        </div>
        <div>
          <div>
            <div class="press-index-anchor-wrapper">
              <div class="press-index-anchor "><span>W</span></div>
            </div>
          </div>
          <div hover-class="press-cell--hover," hover-stay-time="70" class=" press-cell">
            <div class="press-cell__title">
              文本
              <!---->
            </div>
            <div class="press-cell__value"></div>
          </div>
          <div hover-class="press-cell--hover," hover-stay-time="70" class=" press-cell">
            <div class="press-cell__title">
              文本
              <!---->
            </div>
            <div class="press-cell__value"></div>
          </div>
          <div hover-class="press-cell--hover," hover-stay-time="70" class=" press-cell">
            <div class="press-cell__title">
              文本
              <!---->
            </div>
            <div class="press-cell__value"></div>
          </div>
        </div>
        <div>
          <div>
            <div class="press-index-anchor-wrapper">
              <div class="press-index-anchor "><span>X</span></div>
            </div>
          </div>
          <div hover-class="press-cell--hover," hover-stay-time="70" class=" press-cell">
            <div class="press-cell__title">
              文本
              <!---->
            </div>
            <div class="press-cell__value"></div>
          </div>
          <div hover-class="press-cell--hover," hover-stay-time="70" class=" press-cell">
            <div class="press-cell__title">
              文本
              <!---->
            </div>
            <div class="press-cell__value"></div>
          </div>
          <div hover-class="press-cell--hover," hover-stay-time="70" class=" press-cell">
            <div class="press-cell__title">
              文本
              <!---->
            </div>
            <div class="press-cell__value"></div>
          </div>
        </div>
        <div>
          <div>
            <div class="press-index-anchor-wrapper">
              <div class="press-index-anchor "><span>Y</span></div>
            </div>
          </div>
          <div hover-class="press-cell--hover," hover-stay-time="70" class=" press-cell">
            <div class="press-cell__title">
              文本
              <!---->
            </div>
            <div class="press-cell__value"></div>
          </div>
          <div hover-class="press-cell--hover," hover-stay-time="70" class=" press-cell">
            <div class="press-cell__title">
              文本
              <!---->
            </div>
            <div class="press-cell__value"></div>
          </div>
          <div hover-class="press-cell--hover," hover-stay-time="70" class=" press-cell">
            <div class="press-cell__title">
              文本
              <!---->
            </div>
            <div class="press-cell__value"></div>
          </div>
        </div>
        <div>
          <div>
            <div class="press-index-anchor-wrapper">
              <div class="press-index-anchor "><span>Z</span></div>
            </div>
          </div>
          <div hover-class="press-cell--hover," hover-stay-time="70" class=" press-cell">
            <div class="press-cell__title">
              文本
              <!---->
            </div>
            <div class="press-cell__value"></div>
          </div>
          <div hover-class="press-cell--hover," hover-stay-time="70" class=" press-cell">
            <div class="press-cell__title">
              文本
              <!---->
            </div>
            <div class="press-cell__value"></div>
          </div>
          <div hover-class="press-cell--hover," hover-stay-time="70" class=" press-cell">
            <div class="press-cell__title">
              文本
              <!---->
            </div>
            <div class="press-cell__value"></div>
          </div>
        </div>
      </div>
    </div>
    <!---->
  </div>
</div>
`;
