// Jest Snapshot v1, https://goo.gl/fbAQLP

exports[`renders demo correctly 1`] = `
<div class="demo-wrap">
  <div>
    <div class="press-picker-index">
      <div class="press-picker">
        <div class="press-picker-toolbar">
          <!---->
        </div>
        <!---->
        <div class="press-picker__columns" style="height: 264px;">
          <div class="press-picker-column-index press-picker__column" data-index="0">
            <div class="press-picker-column" style="height: 264px;">
              <div class="press-picker-column" style="height: 264px;">
                <div style="transition: transform 0ms; line-height: 44px; transform: translate3d(0, 110px, 0);">
                  <div data-index="0" class="press-ellipsis press-picker-column__item press-picker-column__item--selected activeClass" style="height: 44px; line-height: 44px;">
                    杭州
                  </div>
                  <div data-index="1" class="press-ellipsis press-picker-column__item" style="height: 44px; line-height: 44px;">
                    宁波
                  </div>
                  <div data-index="2" class="press-ellipsis press-picker-column__item" style="height: 44px; line-height: 44px;">
                    温州
                  </div>
                  <div data-index="3" class="press-ellipsis press-picker-column__item" style="height: 44px; line-height: 44px;">
                    绍兴
                  </div>
                  <div data-index="4" class="press-ellipsis press-picker-column__item" style="height: 44px; line-height: 44px;">
                    湖州
                  </div>
                  <div data-index="5" class="press-ellipsis press-picker-column__item" style="height: 44px; line-height: 44px;">
                    嘉兴
                  </div>
                  <div data-index="6" class="press-ellipsis press-picker-column__item" style="height: 44px; line-height: 44px;">
                    金华
                  </div>
                  <div data-index="7" class="press-ellipsis press-picker-column__item" style="height: 44px; line-height: 44px;">
                    衢州
                  </div>
                </div>
              </div>
            </div>
          </div>
          <div class="press-picker__mask" style="background-size: 100% 110px;"></div>
          <div class="press-picker__frame press-hairline--top-bottom" style="height: 44px;"></div>
        </div>
        <!---->
      </div>
    </div>
  </div>
  <div>
    <div class="press-picker-index">
      <div class="press-picker">
        <div class="press-picker-toolbar">
          <!---->
        </div>
        <!---->
        <div class="press-picker__columns" style="height: 264px;">
          <div class="press-picker-column-index press-picker__column" data-index="0">
            <div class="press-picker-column" style="height: 264px;">
              <div class="press-picker-column" style="height: 264px;">
                <div style="transition: transform 0ms; line-height: 44px; transform: translate3d(0, 110px, 0);">
                  <div data-index="0" class="press-ellipsis press-picker-column__item" style="height: 44px; line-height: 44px;">
                    杭州
                  </div>
                  <div data-index="1" class="press-ellipsis press-picker-column__item" style="height: 44px; line-height: 44px;">
                    宁波
                  </div>
                  <div data-index="2" class="press-ellipsis press-picker-column__item press-picker-column__item--selected activeClass" style="height: 44px; line-height: 44px;">
                    温州
                  </div>
                  <div data-index="3" class="press-ellipsis press-picker-column__item" style="height: 44px; line-height: 44px;">
                    绍兴
                  </div>
                  <div data-index="4" class="press-ellipsis press-picker-column__item" style="height: 44px; line-height: 44px;">
                    湖州
                  </div>
                  <div data-index="5" class="press-ellipsis press-picker-column__item" style="height: 44px; line-height: 44px;">
                    嘉兴
                  </div>
                  <div data-index="6" class="press-ellipsis press-picker-column__item" style="height: 44px; line-height: 44px;">
                    金华
                  </div>
                  <div data-index="7" class="press-ellipsis press-picker-column__item" style="height: 44px; line-height: 44px;">
                    衢州
                  </div>
                </div>
              </div>
            </div>
          </div>
          <div class="press-picker__mask" style="background-size: 100% 110px;"></div>
          <div class="press-picker__frame press-hairline--top-bottom" style="height: 44px;"></div>
        </div>
        <!---->
      </div>
    </div>
  </div>
  <div>
    <div class="press-picker-index">
      <div class="press-picker">
        <div class="press-picker-toolbar">
          <div class="press-picker__toolbar toolbar-class">
            <div hover-class="press-picker__cancel--hover" hover-stay-time="70" data-type="cancel" class="press-picker__cancel">
              取消
            </div>
            <!---->
            <div hover-class="press-picker__confirm--hover" hover-stay-time="70" data-type="confirm" class="press-picker__confirm">
              确定
            </div>
          </div>
        </div>
        <!---->
        <div class="press-picker__columns" style="height: 264px;">
          <div class="press-picker-column-index press-picker__column" data-index="0">
            <div class="press-picker-column" style="height: 264px;">
              <div class="press-picker-column" style="height: 264px;">
                <div style="transition: transform 0ms; line-height: 44px; transform: translate3d(0, 110px, 0);">
                  <div data-index="0" class="press-ellipsis press-picker-column__item press-picker-column__item--selected activeClass" style="height: 44px; line-height: 44px;">
                    杭州
                  </div>
                  <div data-index="1" class="press-ellipsis press-picker-column__item" style="height: 44px; line-height: 44px;">
                    宁波
                  </div>
                  <div data-index="2" class="press-ellipsis press-picker-column__item" style="height: 44px; line-height: 44px;">
                    温州
                  </div>
                  <div data-index="3" class="press-ellipsis press-picker-column__item" style="height: 44px; line-height: 44px;">
                    绍兴
                  </div>
                  <div data-index="4" class="press-ellipsis press-picker-column__item" style="height: 44px; line-height: 44px;">
                    湖州
                  </div>
                  <div data-index="5" class="press-ellipsis press-picker-column__item" style="height: 44px; line-height: 44px;">
                    嘉兴
                  </div>
                  <div data-index="6" class="press-ellipsis press-picker-column__item" style="height: 44px; line-height: 44px;">
                    金华
                  </div>
                  <div data-index="7" class="press-ellipsis press-picker-column__item" style="height: 44px; line-height: 44px;">
                    衢州
                  </div>
                </div>
              </div>
            </div>
          </div>
          <div class="press-picker__mask" style="background-size: 100% 110px;"></div>
          <div class="press-picker__frame press-hairline--top-bottom" style="height: 44px;"></div>
        </div>
        <!---->
      </div>
    </div>
  </div>
  <div>
    <div class="press-picker-index">
      <div class="press-picker">
        <div class="press-picker-toolbar">
          <!---->
        </div>
        <!---->
        <div class="press-picker__columns" style="height: 264px;">
          <div class="press-picker-column-index press-picker__column" data-index="0">
            <div class="press-picker-column" style="height: 264px;">
              <div class="press-picker-column" style="height: 264px;">
                <div style="transition: transform 0ms; line-height: 44px; transform: translate3d(0, 110px, 0);">
                  <div data-index="0" class="press-ellipsis press-picker-column__item press-picker-column__item--selected activeClass" style="height: 44px; line-height: 44px;">
                    浙江
                  </div>
                  <div data-index="1" class="press-ellipsis press-picker-column__item" style="height: 44px; line-height: 44px;">
                    福建
                  </div>
                </div>
              </div>
            </div>
          </div>
          <div class="press-picker-column-index press-picker__column" data-index="1">
            <div class="press-picker-column" style="height: 264px;">
              <div class="press-picker-column" style="height: 264px;">
                <div style="transition: transform 0ms; line-height: 44px; transform: translate3d(0, 110px, 0);">
                  <div data-index="0" class="press-ellipsis press-picker-column__item" style="height: 44px; line-height: 44px;">
                    杭州
                  </div>
                  <div data-index="1" class="press-ellipsis press-picker-column__item" style="height: 44px; line-height: 44px;">
                    宁波
                  </div>
                  <div data-index="2" class="press-ellipsis press-picker-column__item press-picker-column__item--selected activeClass" style="height: 44px; line-height: 44px;">
                    温州
                  </div>
                  <div data-index="3" class="press-ellipsis press-picker-column__item" style="height: 44px; line-height: 44px;">
                    嘉兴
                  </div>
                  <div data-index="4" class="press-ellipsis press-picker-column__item" style="height: 44px; line-height: 44px;">
                    湖州
                  </div>
                </div>
              </div>
            </div>
          </div>
          <div class="press-picker__mask" style="background-size: 100% 110px;"></div>
          <div class="press-picker__frame press-hairline--top-bottom" style="height: 44px;"></div>
        </div>
        <!---->
      </div>
    </div>
  </div>
  <div>
    <div class="press-picker-index">
      <div class="press-picker">
        <div class="press-picker-toolbar">
          <!---->
        </div>
        <!---->
        <div class="press-picker__columns" style="height: 264px;">
          <div class="press-picker-column-index press-picker__column" data-index="0">
            <div class="press-picker-column" style="height: 264px;">
              <div class="press-picker-column" style="height: 264px;">
                <div style="transition: transform 0ms; line-height: 44px; transform: translate3d(0, 110px, 0);">
                  <div data-index="0" class="press-ellipsis press-picker-column__item press-picker-column__item--disabled press-picker-column__item--selected activeClass" style="height: 44px; line-height: 44px;">
                    杭州
                  </div>
                  <div data-index="1" class="press-ellipsis press-picker-column__item" style="height: 44px; line-height: 44px;">
                    宁波
                  </div>
                  <div data-index="2" class="press-ellipsis press-picker-column__item" style="height: 44px; line-height: 44px;">
                    温州
                  </div>
                </div>
              </div>
            </div>
          </div>
          <div class="press-picker__mask" style="background-size: 100% 110px;"></div>
          <div class="press-picker__frame press-hairline--top-bottom" style="height: 44px;"></div>
        </div>
        <!---->
      </div>
    </div>
  </div>
  <div>
    <div class="press-picker-index">
      <div class="press-picker">
        <div class="press-picker-toolbar">
          <!---->
        </div>
        <div class="press-picker__loading">
          <div class="press-loading-index">
            <div class=" press-loading">
              <div class="press-loading__spinner press-loading__spinner--circular" style="color: rgb(25, 137, 250);">
                <!---->
              </div>
              <div class="press-loading__text"></div>
            </div>
          </div>
        </div>
        <div class="press-picker__columns" style="height: 264px;">
          <div class="press-picker-column-index press-picker__column" data-index="0">
            <div class="press-picker-column" style="height: 264px;">
              <div class="press-picker-column" style="height: 264px;">
                <div style="transition: transform 0ms; line-height: 44px; transform: translate3d(0, 110px, 0);">
                  <div data-index="0" class="press-ellipsis press-picker-column__item press-picker-column__item--disabled press-picker-column__item--selected activeClass" style="height: 44px; line-height: 44px;">
                    杭州
                  </div>
                  <div data-index="1" class="press-ellipsis press-picker-column__item" style="height: 44px; line-height: 44px;">
                    宁波
                  </div>
                  <div data-index="2" class="press-ellipsis press-picker-column__item" style="height: 44px; line-height: 44px;">
                    温州
                  </div>
                </div>
              </div>
            </div>
          </div>
          <div class="press-picker__mask" style="background-size: 100% 110px;"></div>
          <div class="press-picker__frame press-hairline--top-bottom" style="height: 44px;"></div>
        </div>
        <!---->
      </div>
    </div>
  </div>
  <div>
    <press-cell title="" is-link=""></press-cell>
  </div>
  <div class="press-popup-plus ">
    <div class="press-overlay-index">
      <!---->
    </div>
    <!---->
  </div>
</div>
`;
