// Jest Snapshot v1, https://goo.gl/fbAQLP

exports[`renders demo correctly 1`] = `
<div class="demo-wrap">
  <div>
    <div>
      <div hover-class="press-cell--hover," hover-stay-time="70" class=" press-cell press-cell--clickable">
        <div class="press-cell__title">
          查看
          <!---->
        </div>
        <div class="press-cell__value"></div>
        <div class=" press-cell__right-icon press-icon-plus press-icon-plus-arrow press-cell__right-icon">
          <!---->
          <!---->
        </div>
      </div>
    </div>
    <div>
      <div hover-class="press-cell--hover," hover-stay-time="70" class=" press-cell press-cell--clickable">
        <div class="press-cell__title">
          Checkbox
          <!---->
        </div>
        <div class="press-cell__value"></div>
        <div class=" press-cell__right-icon press-icon-plus press-icon-plus-arrow press-cell__right-icon">
          <!---->
          <!---->
        </div>
      </div>
      <div hover-class="press-cell--hover," hover-stay-time="70" class=" press-cell press-cell--clickable">
        <div class="press-cell__title">
          Multiple Checkbox
          <!---->
        </div>
        <div class="press-cell__value"></div>
        <div class=" press-cell__right-icon press-icon-plus press-icon-plus-arrow press-cell__right-icon">
          <!---->
          <!---->
        </div>
      </div>
      <div hover-class="press-cell--hover," hover-stay-time="70" class=" press-cell press-cell--clickable">
        <div class="press-cell__title">
          Tab
          <!---->
        </div>
        <div class="press-cell__value"></div>
        <div class=" press-cell__right-icon press-icon-plus press-icon-plus-arrow press-cell__right-icon">
          <!---->
          <!---->
        </div>
      </div>
      <div hover-class="press-cell--hover," hover-stay-time="70" class=" press-cell press-cell--clickable">
        <div class="press-cell__title">
          Switch
          <!---->
        </div>
        <div class="press-cell__value"></div>
        <div class=" press-cell__right-icon press-icon-plus press-icon-plus-arrow press-cell__right-icon">
          <!---->
          <!---->
        </div>
      </div>
      <div hover-class="press-cell--hover," hover-stay-time="70" class=" press-cell press-cell--clickable">
        <div class="press-cell__title">
          Button
          <!---->
        </div>
        <div class="press-cell__value"></div>
        <div class=" press-cell__right-icon press-icon-plus press-icon-plus-arrow press-cell__right-icon">
          <!---->
          <!---->
        </div>
      </div>
    </div>
    <div>
      <div hover-class="press-cell--hover," hover-stay-time="70" class=" press-cell press-cell--clickable">
        <div class="press-cell__title">
          开赛设置
          <!---->
        </div>
        <div class="press-cell__value"></div>
        <div class=" press-cell__right-icon press-icon-plus press-icon-plus-arrow press-cell__right-icon">
          <!---->
          <!---->
        </div>
      </div>
      <div hover-class="press-cell--hover," hover-stay-time="70" class=" press-cell press-cell--clickable">
        <div class="press-cell__title">
          对局设置
          <!---->
        </div>
        <div class="press-cell__value"></div>
        <div class=" press-cell__right-icon press-icon-plus press-icon-plus-arrow press-cell__right-icon">
          <!---->
          <!---->
        </div>
      </div>
      <div hover-class="press-cell--hover," hover-stay-time="70" class=" press-cell press-cell--clickable">
        <div class="press-cell__title">
          批量设置
          <!---->
        </div>
        <div class="press-cell__value"></div>
        <div class=" press-cell__right-icon press-icon-plus press-icon-plus-arrow press-cell__right-icon">
          <!---->
          <!---->
        </div>
      </div>
    </div>
  </div>
  <!---->
  <!---->
  <!---->
  <!---->
</div>
`;
