// Jest Snapshot v1, https://goo.gl/fbAQLP

exports[`renders demo correctly 1`] = `
<div class="demo-wrap demo-wrap--gray">
  <div>
    <div hover-class="press-cell--hover," hover-stay-time="70" class=" press-cell press-cell--clickable">
      <div class="press-cell__title">
        <!---->
      </div>
      <div class="press-cell__value"></div>
      <div class=" press-cell__right-icon press-icon-plus press-icon-plus-arrow press-cell__right-icon">
        <!---->
        <!---->
      </div>
    </div>
  </div>
  <!---->
  <!---->
  <div class="press-pagination press-pagination--safe">
    <div class="press-pagination__wrap">
      <div class="press-scrollbar press-scrollbar--active">
        <div id="seq-1" class="press-scrollbar__scale press-scrollbar__scale--total-30"><span>1</span></div>
        <div id="seq-2" class="press-scrollbar__scale press-scrollbar__scale--selected press-scrollbar__scale--total-30"><span>2</span></div>
        <div id="seq-3" class="press-scrollbar__scale press-scrollbar__scale--total-30"><span>3</span></div>
        <div id="seq-4" class="press-scrollbar__scale press-scrollbar__scale--total-30"><span>4</span></div>
        <div id="seq-5" class="press-scrollbar__scale press-scrollbar__scale--total-30"><span>5</span></div>
        <div id="seq-6" class="press-scrollbar__scale press-scrollbar__scale--total-30"><span>6</span></div>
        <div id="seq-7" class="press-scrollbar__scale press-scrollbar__scale--total-30"><span>7</span></div>
        <div id="seq-8" class="press-scrollbar__scale press-scrollbar__scale--total-30"><span>8</span></div>
        <div id="seq-9" class="press-scrollbar__scale press-scrollbar__scale--total-30"><span>9</span></div>
        <div id="seq-10" class="press-scrollbar__scale press-scrollbar__scale--total-30"><span>10</span></div>
        <div id="seq-11" class="press-scrollbar__scale press-scrollbar__scale--total-30"><span>11</span></div>
        <div id="seq-12" class="press-scrollbar__scale press-scrollbar__scale--total-30"><span>12</span></div>
        <div id="seq-13" class="press-scrollbar__scale press-scrollbar__scale--total-30"><span>13</span></div>
        <div id="seq-14" class="press-scrollbar__scale press-scrollbar__scale--total-30"><span>14</span></div>
        <div id="seq-15" class="press-scrollbar__scale press-scrollbar__scale--total-30"><span>15</span></div>
        <div id="seq-16" class="press-scrollbar__scale press-scrollbar__scale--total-30"><span>16</span></div>
        <div id="seq-17" class="press-scrollbar__scale press-scrollbar__scale--total-30"><span>17</span></div>
        <div id="seq-18" class="press-scrollbar__scale press-scrollbar__scale--total-30"><span>18</span></div>
        <div id="seq-19" class="press-scrollbar__scale press-scrollbar__scale--total-30"><span>19</span></div>
        <div id="seq-20" class="press-scrollbar__scale press-scrollbar__scale--total-30"><span>20</span></div>
        <div id="seq-21" class="press-scrollbar__scale press-scrollbar__scale--total-30"><span>21</span></div>
        <div id="seq-22" class="press-scrollbar__scale press-scrollbar__scale--total-30"><span>22</span></div>
        <div id="seq-23" class="press-scrollbar__scale press-scrollbar__scale--total-30"><span>23</span></div>
        <div id="seq-24" class="press-scrollbar__scale press-scrollbar__scale--total-30"><span>24</span></div>
        <div id="seq-25" class="press-scrollbar__scale press-scrollbar__scale--total-30"><span>25</span></div>
        <div id="seq-26" class="press-scrollbar__scale press-scrollbar__scale--total-30"><span>26</span></div>
        <div id="seq-27" class="press-scrollbar__scale press-scrollbar__scale--total-30"><span>27</span></div>
        <div id="seq-28" class="press-scrollbar__scale press-scrollbar__scale--total-30"><span>28</span></div>
        <div id="seq-29" class="press-scrollbar__scale press-scrollbar__scale--total-30"><span>29</span></div>
        <div id="seq-30" class="press-scrollbar__scale press-scrollbar__scale--total-30"><span>30</span></div>
      </div>
      <!---->
    </div>
  </div>
</div>
`;
