// Jest Snapshot v1, https://goo.gl/fbAQLP

exports[`renders demo correctly 1`] = `
<div class="demo-wrap">
  <div>
    <div class="press-notice-bar-index">
      <div class=" press-notice-bar">
        <div class=" press-notice-bar__left-icon press-icon-plus press-icon-plus-volume-o press-notice-bar__left-icon">
          <!---->
          <!---->
        </div>
        <div class="press-notice-bar__wrap">
          <div class="press-notice-bar__content " style="transform: translateX(0px); transition: -webkit-transform 0ms linear 1ms, transform 0ms linear 1ms; transform-origin: 50% 50% 0px;">
            在代码阅读过程中人们说脏话的频率是衡量代码质量的唯一标准。
            <!---->
          </div>
        </div>
      </div>
    </div>
  </div>
  <div>
    <div class="press-notice-bar-index">
      <div class=" press-notice-bar">
        <div class="press-notice-bar__wrap">
          <div class="press-notice-bar__content " style="transform: translateX(0px); transition: -webkit-transform 0ms linear 1ms, transform 0ms linear 1ms; transform-origin: 50% 50% 0px;">
            技术是开发它的人的共同灵魂。
            <!---->
          </div>
        </div>
      </div>
    </div>
    <div class="press-notice-bar-index">
      <div class=" press-notice-bar">
        <div class="press-notice-bar__wrap">
          <div class="press-notice-bar__content press-ellipsis" style="transform: translateX(0px); transition: -webkit-transform 0ms linear 1ms, transform 0ms linear 1ms; transform-origin: 50% 50% 0px;">
            在代码阅读过程中人们说脏话的频率是衡量代码质量的唯一标准。
            <!---->
          </div>
        </div>
      </div>
    </div>
  </div>
  <div>
    <div class="press-notice-bar-index">
      <div class=" press-notice-bar press-notice-bar--wrapable">
        <div class="press-notice-bar__wrap">
          <div class="press-notice-bar__content " style="transform: translateX(0px); transition: -webkit-transform 0ms linear 1ms, transform 0ms linear 1ms; transform-origin: 50% 50% 0px;">
            在代码阅读过程中人们说脏话的频率是衡量代码质量的唯一标准。
            <!---->
          </div>
        </div>
      </div>
    </div>
  </div>
  <div>
    <div class="press-notice-bar-index">
      <div class=" press-notice-bar press-notice-bar--withicon">
        <div class="press-notice-bar__wrap">
          <div class="press-notice-bar__content press-ellipsis" style="transform: translateX(0px); transition: -webkit-transform 0ms linear 1ms, transform 0ms linear 1ms; transform-origin: 50% 50% 0px;">
            技术是开发它的人的共同灵魂。
            <!---->
          </div>
        </div>
        <div class=" press-notice-bar__right-icon press-icon-plus press-icon-plus-cross press-notice-bar__right-icon">
          <!---->
          <!---->
        </div>
      </div>
    </div>
    <div class="press-notice-bar-index">
      <div class=" press-notice-bar press-notice-bar--withicon">
        <div class="press-notice-bar__wrap">
          <div class="press-notice-bar__content press-ellipsis" style="transform: translateX(0px); transition: -webkit-transform 0ms linear 1ms, transform 0ms linear 1ms; transform-origin: 50% 50% 0px;">
            技术是开发它的人的共同灵魂。
            <!---->
          </div>
        </div>
        <navigator url="" open-type="navigate">
          <div class=" press-notice-bar__right-icon press-icon-plus press-icon-plus-arrow press-notice-bar__right-icon">
            <!---->
            <!---->
          </div>
        </navigator>
      </div>
    </div>
  </div>
  <div>
    <div class="press-notice-bar-index">
      <div class=" press-notice-bar" style="color: rgb(25, 137, 250); background: rgb(236, 249, 255);">
        <div class=" press-notice-bar__left-icon press-icon-plus press-icon-plus-info-o press-notice-bar__left-icon">
          <!---->
          <!---->
        </div>
        <div class="press-notice-bar__wrap">
          <div class="press-notice-bar__content press-ellipsis" style="transform: translateX(0px); transition: -webkit-transform 0ms linear 1ms, transform 0ms linear 1ms; transform-origin: 50% 50% 0px;">
            技术是开发它的人的共同灵魂。
            <!---->
          </div>
        </div>
      </div>
    </div>
  </div>
  <div>
    <div class="press-notice-bar-index">
      <div class=" press-notice-bar">
        <div class=" press-notice-bar__left-icon press-icon-plus press-icon-plus--image press-notice-bar__left-icon">
          <!----> <img src="https://img.yzcdn.cn/public_files/2017/8/10/6af5b7168eed548100d9041f07b7c616.png" mode="aspectFit" class="press-icon-plus__image">
        </div>
        <div class="press-notice-bar__wrap">
          <div class="press-notice-bar__content " style="transform: translateX(0px); transition: -webkit-transform 0ms linear 1ms, transform 0ms linear 1ms; transform-origin: 50% 50% 0px;">
            技术是开发它的人的共同灵魂。
            <!---->
          </div>
        </div>
      </div>
    </div>
  </div>
</div>
`;
