// Jest Snapshot v1, https://goo.gl/fbAQLP

exports[`renders demo correctly 1`] = `
<div class="demo-wrap">
  <div>
    <div hover-class="press-cell--hover," hover-stay-time="70" class=" press-cell press-cell--clickable">
      <div class="press-cell__title">
        Fade
        <!---->
      </div>
      <div class="press-cell__value"></div>
      <div class=" press-cell__right-icon press-icon-plus press-icon-plus-arrow press-cell__right-icon">
        <!---->
        <!---->
      </div>
    </div>
    <div hover-class="press-cell--hover," hover-stay-time="70" class=" press-cell press-cell--clickable">
      <div class="press-cell__title">
        Fade Up
        <!---->
      </div>
      <div class="press-cell__value"></div>
      <div class=" press-cell__right-icon press-icon-plus press-icon-plus-arrow press-cell__right-icon">
        <!---->
        <!---->
      </div>
    </div>
    <div hover-class="press-cell--hover," hover-stay-time="70" class=" press-cell press-cell--clickable">
      <div class="press-cell__title">
        Fade Down
        <!---->
      </div>
      <div class="press-cell__value"></div>
      <div class=" press-cell__right-icon press-icon-plus press-icon-plus-arrow press-cell__right-icon">
        <!---->
        <!---->
      </div>
    </div>
    <div hover-class="press-cell--hover," hover-stay-time="70" class=" press-cell press-cell--clickable">
      <div class="press-cell__title">
        Fade Left
        <!---->
      </div>
      <div class="press-cell__value"></div>
      <div class=" press-cell__right-icon press-icon-plus press-icon-plus-arrow press-cell__right-icon">
        <!---->
        <!---->
      </div>
    </div>
    <div hover-class="press-cell--hover," hover-stay-time="70" class=" press-cell press-cell--clickable">
      <div class="press-cell__title">
        Fade Right
        <!---->
      </div>
      <div class="press-cell__value"></div>
      <div class=" press-cell__right-icon press-icon-plus press-icon-plus-arrow press-cell__right-icon">
        <!---->
        <!---->
      </div>
    </div>
  </div>
  <div>
    <div hover-class="press-cell--hover," hover-stay-time="70" class=" press-cell press-cell--clickable">
      <div class="press-cell__title">
        Slide Up
        <!---->
      </div>
      <div class="press-cell__value"></div>
      <div class=" press-cell__right-icon press-icon-plus press-icon-plus-arrow press-cell__right-icon">
        <!---->
        <!---->
      </div>
    </div>
    <div hover-class="press-cell--hover," hover-stay-time="70" class=" press-cell press-cell--clickable">
      <div class="press-cell__title">
        Slide Down
        <!---->
      </div>
      <div class="press-cell__value"></div>
      <div class=" press-cell__right-icon press-icon-plus press-icon-plus-arrow press-cell__right-icon">
        <!---->
        <!---->
      </div>
    </div>
    <div hover-class="press-cell--hover," hover-stay-time="70" class=" press-cell press-cell--clickable">
      <div class="press-cell__title">
        Slide Left
        <!---->
      </div>
      <div class="press-cell__value"></div>
      <div class=" press-cell__right-icon press-icon-plus press-icon-plus-arrow press-cell__right-icon">
        <!---->
        <!---->
      </div>
    </div>
    <div hover-class="press-cell--hover," hover-stay-time="70" class=" press-cell press-cell--clickable">
      <div class="press-cell__title">
        Slide Right
        <!---->
      </div>
      <div class="press-cell__value"></div>
      <div class=" press-cell__right-icon press-icon-plus press-icon-plus-arrow press-cell__right-icon">
        <!---->
        <!---->
      </div>
    </div>
  </div>
  <div>
    <div hover-class="press-cell--hover," hover-stay-time="70" class=" press-cell press-cell--clickable">
      <div class="press-cell__title">
        Custom
        <!---->
      </div>
      <div class="press-cell__value"></div>
      <div class=" press-cell__right-icon press-icon-plus press-icon-plus-arrow press-cell__right-icon">
        <!---->
        <!---->
      </div>
    </div>
  </div>
  <!---->
</div>
`;
