// Jest Snapshot v1, https://goo.gl/fbAQLP

exports[`renders demo correctly 1`] = `
<div class="demo-wrap demo-wrap--gray">
  <div>
    <div class="press-nav-bar-index">
      <!---->
      <div class="press-nav-bar custom-class press-hairline--bottom" style="z-index: 1; padding-top: 0px;">
        <div class="press-nav-bar__content">
          <div class="press-nav-bar__left">
            <div class="press-nav-bar__arrow press-icon-plus press-icon-plus-arrow-left" style="font-size: 16px;">
              <!---->
              <!---->
            </div>
            <!---->
          </div>
          <div class="press-nav-bar__title press-ellipsis"></div>
          <div class="press-nav-bar__right"></div>
        </div>
      </div>
    </div>
  </div>
  <div>
    <div class="press-nav-bar-index">
      <!---->
      <div class="press-nav-bar custom-class press-hairline--bottom" style="z-index: 1; padding-top: 0px;">
        <div class="press-nav-bar__content">
          <div class="press-nav-bar__left">
            <div class="press-nav-bar__arrow press-icon-plus press-icon-plus-arrow-left" style="font-size: 16px;">
              <!---->
              <!---->
            </div>
            <!---->
          </div>
          <div class="press-nav-bar__title press-ellipsis"></div>
          <div class="press-nav-bar__right">
            <div class=" press-icon-plus press-icon-plus-search">
              <!---->
              <!---->
            </div>
          </div>
        </div>
      </div>
    </div>
  </div>
</div>
`;
