// Jest Snapshot v1, https://goo.gl/fbAQLP

exports[`renders demo correctly 1`] = `
<div class="demo-wrap">
  <div>
    <div class=" press-badge press-badge--fixed" style="margin-right: 16px;">
      <div class="child"></div>
      <div class="press-badge__info" style="background-color: rgb(238, 10, 36);">
        5+
      </div>
    </div>
    <div class=" press-badge press-badge--fixed" style="margin-right: 16px;">
      <div class="child"></div>
      <div class="press-badge__info" style="background-color: rgb(238, 10, 36);">
        10+
      </div>
    </div>
    <div class=" press-badge press-badge--fixed" style="margin-right: 16px;">
      <div class="child"></div>
      <div class="press-badge__info" style="background-color: rgb(238, 10, 36);">
        Hot+
      </div>
    </div>
    <div class=" press-badge press-badge--fixed">
      <div class="child"></div>
      <div class="press-badge__info press-badge__info--dot" style="background-color: rgb(238, 10, 36);">

      </div>
    </div>
  </div>
  <div>
    <div class=" press-badge press-badge--fixed" style="margin-right: 16px;">
      <div class="child"></div>
      <div class="press-badge__info" style="background-color: rgb(238, 10, 36);">
        20+
      </div>
    </div>
    <div class=" press-badge press-badge--fixed" style="margin-right: 16px;">
      <div class="child"></div>
      <div class="press-badge__info" style="background-color: rgb(238, 10, 36);">
        50+
      </div>
    </div>
    <div class=" press-badge press-badge--fixed" style="margin-right: 16px;">
      <div class="child"></div>
      <div class="press-badge__info" style="background-color: rgb(238, 10, 36);">
        200+
      </div>
    </div>
  </div>
  <div>
    <div class=" press-badge press-badge--fixed" style="margin-right: 16px;">
      <div class="child"></div>
      <div class="press-badge__info" style="background-color: rgb(25, 137, 250);">
        5+
      </div>
    </div>
    <div class=" press-badge press-badge--fixed" style="margin-right: 16px;">
      <div class="child"></div>
      <div class="press-badge__info" style="background-color: rgb(25, 137, 250);">
        10+
      </div>
    </div>
    <div class=" press-badge press-badge--fixed" style="margin-right: 16px;">
      <div class="child"></div>
      <div class="press-badge__info press-badge__info--dot" style="background-color: rgb(25, 137, 250);">

      </div>
    </div>
  </div>
  <div>
    <div class=" press-badge press-badge--fixed" style="margin-right: 16px;">
      <div class="child"></div>
      <div class="press-badge__info" style="background-color: rgb(238, 10, 36);">
        <div class="badge-icon  press-icon-plus press-icon-plus-success">
          <!---->
          <!---->
        </div>
      </div>
    </div>
    <div class=" press-badge press-badge--fixed" style="margin-right: 16px;">
      <div class="child"></div>
      <div class="press-badge__info" style="background-color: rgb(238, 10, 36);">
        <div class="badge-icon  press-icon-plus press-icon-plus-cross">
          <!---->
          <!---->
        </div>
      </div>
    </div>
    <div class=" press-badge press-badge--fixed" style="margin-right: 16px;">
      <div class="child"></div>
      <div class="press-badge__info" style="background-color: rgb(238, 10, 36);">
        <div class="badge-icon  press-icon-plus press-icon-plus-down">
          <!---->
          <!---->
        </div>
      </div>
    </div>
  </div>
  <div>
    <div class=" press-badge" style="margin-right: 16px;">
      <div class="press-badge__info" style="background-color: rgb(238, 10, 36);">
        20+
      </div>
    </div>
    <div class=" press-badge">
      <div class="press-badge__info" style="background-color: rgb(238, 10, 36);">
        200+
      </div>
    </div>
  </div>
</div>
`;
